2026-05-24 19:04:25 [INFO] Deploy queue initialized
2026-05-24 19:04:30 [ERROR] Failed to start server: bad auth : authentication failed
MongoServerError: bad auth : authentication failed
    at Connection.sendCommand (/home/shubham/deployment/backend/node_modules/mongodb/lib/cmap/connection.js:306:27)
    at process.processTicksAndRejections (node:internal/process/task_queues:95:5)
    at async Connection.command (/home/shubham/deployment/backend/node_modules/mongodb/lib/cmap/connection.js:334:26)
    at async continueScramConversation (/home/shubham/deployment/backend/node_modules/mongodb/lib/cmap/auth/scram.js:131:15)
    at async executeScram (/home/shubham/deployment/backend/node_modules/mongodb/lib/cmap/auth/scram.js:80:5)
    at async ScramSHA1.auth (/home/shubham/deployment/backend/node_modules/mongodb/lib/cmap/auth/scram.js:39:16)
    at async performInitialHandshake (/home/shubham/deployment/backend/node_modules/mongodb/lib/cmap/connect.js:104:13)
    at async connect (/home/shubham/deployment/backend/node_modules/mongodb/lib/cmap/connect.js:24:9)
2026-05-24 19:05:30 [ERROR] Failed to start worker: bad auth : authentication failed
MongoServerError: bad auth : authentication failed
    at Connection.sendCommand (/home/shubham/deployment/backend/node_modules/mongodb/lib/cmap/connection.js:306:27)
    at process.processTicksAndRejections (node:internal/process/task_queues:95:5)
    at async Connection.command (/home/shubham/deployment/backend/node_modules/mongodb/lib/cmap/connection.js:334:26)
    at async continueScramConversation (/home/shubham/deployment/backend/node_modules/mongodb/lib/cmap/auth/scram.js:131:15)
    at async executeScram (/home/shubham/deployment/backend/node_modules/mongodb/lib/cmap/auth/scram.js:80:5)
    at async ScramSHA1.auth (/home/shubham/deployment/backend/node_modules/mongodb/lib/cmap/auth/scram.js:39:16)
    at async performInitialHandshake (/home/shubham/deployment/backend/node_modules/mongodb/lib/cmap/connect.js:104:13)
    at async connect (/home/shubham/deployment/backend/node_modules/mongodb/lib/cmap/connect.js:24:9)
2026-05-24 19:10:00 [INFO] Deploy queue initialized
2026-05-24 19:10:01 [INFO] Deploy queue initialized
2026-05-24 19:10:17 [ERROR] Failed to start server: bad auth : authentication failed
MongoServerError: bad auth : authentication failed
    at Connection.sendCommand (/home/shubham/deployment/backend/node_modules/mongodb/lib/cmap/connection.js:306:27)
    at process.processTicksAndRejections (node:internal/process/task_queues:95:5)
    at async Connection.command (/home/shubham/deployment/backend/node_modules/mongodb/lib/cmap/connection.js:334:26)
    at async continueScramConversation (/home/shubham/deployment/backend/node_modules/mongodb/lib/cmap/auth/scram.js:131:15)
    at async executeScram (/home/shubham/deployment/backend/node_modules/mongodb/lib/cmap/auth/scram.js:80:5)
    at async ScramSHA1.auth (/home/shubham/deployment/backend/node_modules/mongodb/lib/cmap/auth/scram.js:39:16)
    at async performInitialHandshake (/home/shubham/deployment/backend/node_modules/mongodb/lib/cmap/connect.js:104:13)
    at async connect (/home/shubham/deployment/backend/node_modules/mongodb/lib/cmap/connect.js:24:9)
2026-05-24 19:10:24 [INFO] Deploy queue initialized
2026-05-24 19:10:25 [ERROR] Failed to start server: querySrv ENOTFOUND _mongodb._tcp.developer
Error: querySrv ENOTFOUND _mongodb._tcp.developer
    at QueryReqWrap.onresolve [as oncomplete] (node:internal/dns/promises:292:17)
2026-05-24 19:11:19 [INFO] Deploy queue initialized
2026-05-24 19:11:32 [ERROR] Failed to start server: bad auth : authentication failed
MongoServerError: bad auth : authentication failed
    at Connection.sendCommand (/home/shubham/deployment/backend/node_modules/mongodb/lib/cmap/connection.js:306:27)
    at process.processTicksAndRejections (node:internal/process/task_queues:95:5)
    at async Connection.command (/home/shubham/deployment/backend/node_modules/mongodb/lib/cmap/connection.js:334:26)
    at async continueScramConversation (/home/shubham/deployment/backend/node_modules/mongodb/lib/cmap/auth/scram.js:131:15)
    at async executeScram (/home/shubham/deployment/backend/node_modules/mongodb/lib/cmap/auth/scram.js:80:5)
    at async ScramSHA1.auth (/home/shubham/deployment/backend/node_modules/mongodb/lib/cmap/auth/scram.js:39:16)
    at async performInitialHandshake (/home/shubham/deployment/backend/node_modules/mongodb/lib/cmap/connect.js:104:13)
    at async connect (/home/shubham/deployment/backend/node_modules/mongodb/lib/cmap/connect.js:24:9)
2026-05-24 19:11:54 [ERROR] Failed to start worker: bad auth : authentication failed
MongoServerError: bad auth : authentication failed
    at Connection.sendCommand (/home/shubham/deployment/backend/node_modules/mongodb/lib/cmap/connection.js:306:27)
    at process.processTicksAndRejections (node:internal/process/task_queues:95:5)
    at async Connection.command (/home/shubham/deployment/backend/node_modules/mongodb/lib/cmap/connection.js:334:26)
    at async continueScramConversation (/home/shubham/deployment/backend/node_modules/mongodb/lib/cmap/auth/scram.js:131:15)
    at async executeScram (/home/shubham/deployment/backend/node_modules/mongodb/lib/cmap/auth/scram.js:80:5)
    at async ScramSHA1.auth (/home/shubham/deployment/backend/node_modules/mongodb/lib/cmap/auth/scram.js:39:16)
    at async performInitialHandshake (/home/shubham/deployment/backend/node_modules/mongodb/lib/cmap/connect.js:104:13)
    at async connect (/home/shubham/deployment/backend/node_modules/mongodb/lib/cmap/connect.js:24:9)
2026-05-24 19:12:07 [INFO] Deploy queue initialized
2026-05-24 19:12:21 [ERROR] Failed to start server: bad auth : authentication failed
MongoServerError: bad auth : authentication failed
    at Connection.sendCommand (/home/shubham/deployment/backend/node_modules/mongodb/lib/cmap/connection.js:306:27)
    at process.processTicksAndRejections (node:internal/process/task_queues:95:5)
    at async Connection.command (/home/shubham/deployment/backend/node_modules/mongodb/lib/cmap/connection.js:334:26)
    at async continueScramConversation (/home/shubham/deployment/backend/node_modules/mongodb/lib/cmap/auth/scram.js:131:15)
    at async executeScram (/home/shubham/deployment/backend/node_modules/mongodb/lib/cmap/auth/scram.js:80:5)
    at async ScramSHA1.auth (/home/shubham/deployment/backend/node_modules/mongodb/lib/cmap/auth/scram.js:39:16)
    at async performInitialHandshake (/home/shubham/deployment/backend/node_modules/mongodb/lib/cmap/connect.js:104:13)
    at async connect (/home/shubham/deployment/backend/node_modules/mongodb/lib/cmap/connect.js:24:9)
2026-05-24 19:13:59 [INFO] Deploy queue initialized
2026-05-24 19:13:59 [INFO] Connecting to primary MongoDB...
2026-05-24 19:14:00 [ERROR] Failed to connect to primary MongoDB:
2026-05-24 19:14:00 [INFO] ⚠️ Attempting fallback connection to local MongoDB: mongodb://127.0.0.1:27017/deployment-platform
2026-05-24 19:14:06 [INFO] Deploy queue initialized
2026-05-24 19:14:06 [INFO] Connecting to primary MongoDB...
2026-05-24 19:14:07 [ERROR] Failed to connect to primary MongoDB:
2026-05-24 19:14:07 [INFO] ⚠️ Attempting fallback connection to local MongoDB: mongodb://127.0.0.1:27017/deployment-platform
2026-05-24 19:14:24 [INFO] Deploy queue initialized
2026-05-24 19:14:24 [INFO] Connecting to primary MongoDB...
2026-05-24 19:14:26 [ERROR] Failed to connect to primary MongoDB:
2026-05-24 19:14:26 [INFO] ⚠️ Attempting fallback connection to local MongoDB: mongodb://127.0.0.1:27017/deployment-platform
2026-05-24 19:14:32 [INFO] Worker connecting to primary MongoDB...
2026-05-24 19:14:33 [ERROR] Worker failed to connect to primary MongoDB:
2026-05-24 19:14:33 [INFO] ⚠️ Attempting fallback connection to local MongoDB: mongodb://127.0.0.1:27017/deployment-platform
2026-05-24 19:14:56 [ERROR] ❌ Failed to start server with local MongoDB fallback:
2026-05-24 19:15:03 [ERROR] ❌ Failed to start worker with local MongoDB fallback:
2026-05-24 19:17:02 [INFO] Deploy queue initialized
2026-05-24 19:17:02 [INFO] Connecting to primary MongoDB...
2026-05-24 19:17:03 [ERROR] Failed to connect to primary MongoDB: Error: querySrv ENOTFOUND _mongodb._tcp.developer
    at QueryReqWrap.onresolve [as oncomplete] (node:internal/dns/promises:292:17)
2026-05-24 19:17:03 [INFO] ⚠️ Attempting fallback connection to local MongoDB: mongodb://127.0.0.1:27017/deployment-platform
2026-05-24 19:17:25 [INFO] Worker connecting to primary MongoDB...
2026-05-24 19:17:26 [ERROR] Worker failed to connect to primary MongoDB: Error: querySrv ENOTFOUND _mongodb._tcp.developer
    at QueryReqWrap.onresolve [as oncomplete] (node:internal/dns/promises:292:17)
2026-05-24 19:17:26 [INFO] ⚠️ Attempting fallback connection to local MongoDB: mongodb://127.0.0.1:27017/deployment-platform
2026-05-24 19:17:33 [ERROR] ❌ Failed to start server with local MongoDB fallback: MongooseServerSelectionError: connect ECONNREFUSED 127.0.0.1:27017
    at _handleConnectionErrors (/home/shubham/deployment/backend/node_modules/mongoose/lib/connection.js:1169:11)
    at NativeConnection.openUri (/home/shubham/deployment/backend/node_modules/mongoose/lib/connection.js:1100:11)
    at async start (/home/shubham/deployment/backend/server.js:58:7)
2026-05-24 19:17:56 [ERROR] ❌ Failed to start worker with local MongoDB fallback: MongooseServerSelectionError: connect ECONNREFUSED 127.0.0.1:27017
    at _handleConnectionErrors (/home/shubham/deployment/backend/node_modules/mongoose/lib/connection.js:1169:11)
    at NativeConnection.openUri (/home/shubham/deployment/backend/node_modules/mongoose/lib/connection.js:1100:11)
    at async start (/home/shubham/deployment/backend/worker.js:148:7)
2026-05-24 19:18:36 [INFO] Deploy queue initialized
2026-05-24 19:18:36 [INFO] Connecting to primary MongoDB...
2026-05-24 19:18:37 [ERROR] Failed to connect to primary MongoDB: Error: querySrv ENOTFOUND _mongodb._tcp.developer
    at QueryReqWrap.onresolve [as oncomplete] (node:internal/dns/promises:292:17)
2026-05-24 19:18:37 [INFO] ⚠️ Attempting fallback connection to local MongoDB: mongodb://127.0.0.1:27017/deployment-platform
2026-05-24 19:19:07 [ERROR] ❌ Failed to start server with local MongoDB fallback: MongooseServerSelectionError: connect ECONNREFUSED 127.0.0.1:27017
    at _handleConnectionErrors (/home/shubham/deployment/backend/node_modules/mongoose/lib/connection.js:1169:11)
    at NativeConnection.openUri (/home/shubham/deployment/backend/node_modules/mongoose/lib/connection.js:1100:11)
    at async start (/home/shubham/deployment/backend/server.js:58:7)
2026-05-24 19:20:22 [INFO] Deploy queue initialized
2026-05-24 19:20:22 [INFO] Connecting to primary MongoDB...
2026-05-24 19:20:28 [ERROR] Failed to connect to primary MongoDB: MongoServerError: bad auth : authentication failed
    at Connection.sendCommand (/home/shubham/deployment/backend/node_modules/mongodb/lib/cmap/connection.js:306:27)
    at process.processTicksAndRejections (node:internal/process/task_queues:95:5)
    at async Connection.command (/home/shubham/deployment/backend/node_modules/mongodb/lib/cmap/connection.js:334:26)
    at async continueScramConversation (/home/shubham/deployment/backend/node_modules/mongodb/lib/cmap/auth/scram.js:131:15)
    at async executeScram (/home/shubham/deployment/backend/node_modules/mongodb/lib/cmap/auth/scram.js:80:5)
    at async ScramSHA1.auth (/home/shubham/deployment/backend/node_modules/mongodb/lib/cmap/auth/scram.js:39:16)
    at async performInitialHandshake (/home/shubham/deployment/backend/node_modules/mongodb/lib/cmap/connect.js:104:13)
    at async connect (/home/shubham/deployment/backend/node_modules/mongodb/lib/cmap/connect.js:24:9)
2026-05-24 19:20:28 [INFO] ⚠️ Attempting fallback connection to local MongoDB: mongodb://127.0.0.1:27017/deployment-platform
2026-05-24 19:20:58 [ERROR] ❌ Failed to start server with local MongoDB fallback: MongooseServerSelectionError: connect ECONNREFUSED 127.0.0.1:27017
    at _handleConnectionErrors (/home/shubham/deployment/backend/node_modules/mongoose/lib/connection.js:1169:11)
    at NativeConnection.openUri (/home/shubham/deployment/backend/node_modules/mongoose/lib/connection.js:1100:11)
    at async start (/home/shubham/deployment/backend/server.js:58:7)
2026-05-24 19:23:10 [INFO] Deploy queue initialized
2026-05-24 19:23:10 [INFO] Connecting to primary MongoDB...
2026-05-24 19:23:13 [ERROR] Failed to connect to primary MongoDB: MongoServerError: bad auth : authentication failed
    at Connection.sendCommand (/home/shubham/deployment/backend/node_modules/mongodb/lib/cmap/connection.js:306:27)
    at process.processTicksAndRejections (node:internal/process/task_queues:95:5)
    at async Connection.command (/home/shubham/deployment/backend/node_modules/mongodb/lib/cmap/connection.js:334:26)
    at async continueScramConversation (/home/shubham/deployment/backend/node_modules/mongodb/lib/cmap/auth/scram.js:131:15)
    at async executeScram (/home/shubham/deployment/backend/node_modules/mongodb/lib/cmap/auth/scram.js:80:5)
    at async ScramSHA1.auth (/home/shubham/deployment/backend/node_modules/mongodb/lib/cmap/auth/scram.js:39:16)
    at async performInitialHandshake (/home/shubham/deployment/backend/node_modules/mongodb/lib/cmap/connect.js:104:13)
    at async connect (/home/shubham/deployment/backend/node_modules/mongodb/lib/cmap/connect.js:24:9)
2026-05-24 19:23:13 [INFO] ⚠️ Attempting fallback connection to local MongoDB: mongodb://127.0.0.1:27017/deployment-platform
2026-05-24 19:23:43 [ERROR] ❌ Failed to start server with local MongoDB fallback: MongooseServerSelectionError: connect ECONNREFUSED 127.0.0.1:27017
    at _handleConnectionErrors (/home/shubham/deployment/backend/node_modules/mongoose/lib/connection.js:1169:11)
    at NativeConnection.openUri (/home/shubham/deployment/backend/node_modules/mongoose/lib/connection.js:1100:11)
    at async start (/home/shubham/deployment/backend/server.js:58:7)
2026-05-24 19:24:54 [INFO] Deploy queue initialized
2026-05-24 19:24:54 [INFO] Connecting to primary MongoDB...
2026-05-24 19:24:58 [ERROR] Failed to connect to primary MongoDB: MongoServerError: bad auth : authentication failed
    at Connection.sendCommand (/home/shubham/deployment/backend/node_modules/mongodb/lib/cmap/connection.js:306:27)
    at process.processTicksAndRejections (node:internal/process/task_queues:95:5)
    at async Connection.command (/home/shubham/deployment/backend/node_modules/mongodb/lib/cmap/connection.js:334:26)
    at async continueScramConversation (/home/shubham/deployment/backend/node_modules/mongodb/lib/cmap/auth/scram.js:131:15)
    at async executeScram (/home/shubham/deployment/backend/node_modules/mongodb/lib/cmap/auth/scram.js:80:5)
    at async ScramSHA1.auth (/home/shubham/deployment/backend/node_modules/mongodb/lib/cmap/auth/scram.js:39:16)
    at async performInitialHandshake (/home/shubham/deployment/backend/node_modules/mongodb/lib/cmap/connect.js:104:13)
    at async connect (/home/shubham/deployment/backend/node_modules/mongodb/lib/cmap/connect.js:24:9)
2026-05-24 19:24:58 [INFO] ⚠️ Attempting fallback connection to local MongoDB: mongodb://127.0.0.1:27017/deployment-platform
2026-05-24 19:25:28 [INFO] Deploy queue initialized
2026-05-24 19:25:28 [INFO] Connecting to primary MongoDB...
2026-05-24 19:25:31 [INFO] ✅ Connected to MongoDB
2026-05-24 19:27:59 [INFO] Deploy queue initialized
2026-05-24 19:27:59 [INFO] Connecting to primary MongoDB...
2026-05-24 19:28:03 [INFO] ✅ Connected to MongoDB
2026-05-24 19:28:03 [INFO] ✅ API Server running on http://localhost:5000
2026-05-24 19:28:13 [INFO] Worker connecting to primary MongoDB...
2026-05-24 19:28:16 [INFO] ✅ Worker connected to MongoDB
2026-05-24 19:28:16 [INFO] ✅ Worker listening for deployment jobs...
2026-05-24 19:28:43 [DEBUG] POST /api/deploy
2026-05-24 19:28:43 [INFO] [API] Deployment created: 6a13041325faa97aee1f5022 for mukesh (mukesh.com)
2026-05-24 19:28:43 [INFO] [API] Job queued: 6a13041325faa97aee1f5022
2026-05-24 19:28:43 [INFO] [Worker] Processing job: 6a13041325faa97aee1f5022 | Deployment: 6a13041325faa97aee1f5022
2026-05-24 19:28:43 [DEBUG] GET /api/deployments
2026-05-24 19:28:43 [INFO] [Worker] Deploying Docker container: nginx:latest
2026-05-24 19:28:43 [INFO] [SSH] Connecting to EC2: 13.233.198.197
2026-05-24 19:28:43 [ERROR] [SSH] Deployment failed: ENOENT: no such file or directory, open './keys/ec2-key.pem'
Error: ENOENT: no such file or directory, open './keys/ec2-key.pem'
    at Object.readFileSync (node:fs:449:20)
    at DockerService.deployViaSSH (/home/shubham/deployment/backend/services/dockerService.js:33:29)
    at DockerService.deploy (/home/shubham/deployment/backend/services/dockerService.js:200:17)
    at Worker.connection [as processFn] (/home/shubham/deployment/backend/worker.js:46:48)
    at process.processTicksAndRejections (node:internal/process/task_queues:95:5)
    at async /home/shubham/deployment/backend/node_modules/bullmq/dist/cjs/classes/worker.js:589:32
2026-05-24 19:28:44 [ERROR] [Worker] ❌ Deployment 6a13041325faa97aee1f5022 failed: ENOENT: no such file or directory, open './keys/ec2-key.pem'
Error: ENOENT: no such file or directory, open './keys/ec2-key.pem'
    at Object.readFileSync (node:fs:449:20)
    at DockerService.deployViaSSH (/home/shubham/deployment/backend/services/dockerService.js:33:29)
    at DockerService.deploy (/home/shubham/deployment/backend/services/dockerService.js:200:17)
    at Worker.connection [as processFn] (/home/shubham/deployment/backend/worker.js:46:48)
    at process.processTicksAndRejections (node:internal/process/task_queues:95:5)
    at async /home/shubham/deployment/backend/node_modules/bullmq/dist/cjs/classes/worker.js:589:32
2026-05-24 19:28:44 [ERROR] [Worker] Job 6a13041325faa97aee1f5022 failed:
2026-05-24 19:28:46 [INFO] [Worker] Processing job: 6a13041325faa97aee1f5022 | Deployment: 6a13041325faa97aee1f5022
2026-05-24 19:28:46 [DEBUG] GET /api/deployments
2026-05-24 19:28:47 [INFO] [Worker] Deploying Docker container: nginx:latest
2026-05-24 19:28:47 [INFO] [SSH] Connecting to EC2: 13.233.198.197
2026-05-24 19:28:47 [ERROR] [SSH] Deployment failed: ENOENT: no such file or directory, open './keys/ec2-key.pem'
Error: ENOENT: no such file or directory, open './keys/ec2-key.pem'
    at Object.readFileSync (node:fs:449:20)
    at DockerService.deployViaSSH (/home/shubham/deployment/backend/services/dockerService.js:33:29)
    at DockerService.deploy (/home/shubham/deployment/backend/services/dockerService.js:200:17)
    at Worker.connection [as processFn] (/home/shubham/deployment/backend/worker.js:46:48)
    at process.processTicksAndRejections (node:internal/process/task_queues:95:5)
    at async /home/shubham/deployment/backend/node_modules/bullmq/dist/cjs/classes/worker.js:589:32
2026-05-24 19:28:47 [ERROR] [Worker] ❌ Deployment 6a13041325faa97aee1f5022 failed: ENOENT: no such file or directory, open './keys/ec2-key.pem'
Error: ENOENT: no such file or directory, open './keys/ec2-key.pem'
    at Object.readFileSync (node:fs:449:20)
    at DockerService.deployViaSSH (/home/shubham/deployment/backend/services/dockerService.js:33:29)
    at DockerService.deploy (/home/shubham/deployment/backend/services/dockerService.js:200:17)
    at Worker.connection [as processFn] (/home/shubham/deployment/backend/worker.js:46:48)
    at process.processTicksAndRejections (node:internal/process/task_queues:95:5)
    at async /home/shubham/deployment/backend/node_modules/bullmq/dist/cjs/classes/worker.js:589:32
2026-05-24 19:28:47 [ERROR] [Worker] Job 6a13041325faa97aee1f5022 failed:
2026-05-24 19:28:50 [DEBUG] GET /api/deployments
2026-05-24 19:28:51 [INFO] [Worker] Processing job: 6a13041325faa97aee1f5022 | Deployment: 6a13041325faa97aee1f5022
2026-05-24 19:28:51 [INFO] [Worker] Deploying Docker container: nginx:latest
2026-05-24 19:28:51 [INFO] [SSH] Connecting to EC2: 13.233.198.197
2026-05-24 19:28:51 [ERROR] [SSH] Deployment failed: ENOENT: no such file or directory, open './keys/ec2-key.pem'
Error: ENOENT: no such file or directory, open './keys/ec2-key.pem'
    at Object.readFileSync (node:fs:449:20)
    at DockerService.deployViaSSH (/home/shubham/deployment/backend/services/dockerService.js:33:29)
    at DockerService.deploy (/home/shubham/deployment/backend/services/dockerService.js:200:17)
    at Worker.connection [as processFn] (/home/shubham/deployment/backend/worker.js:46:48)
    at process.processTicksAndRejections (node:internal/process/task_queues:95:5)
    at async /home/shubham/deployment/backend/node_modules/bullmq/dist/cjs/classes/worker.js:589:32
2026-05-24 19:28:51 [ERROR] [Worker] ❌ Deployment 6a13041325faa97aee1f5022 failed: ENOENT: no such file or directory, open './keys/ec2-key.pem'
Error: ENOENT: no such file or directory, open './keys/ec2-key.pem'
    at Object.readFileSync (node:fs:449:20)
    at DockerService.deployViaSSH (/home/shubham/deployment/backend/services/dockerService.js:33:29)
    at DockerService.deploy (/home/shubham/deployment/backend/services/dockerService.js:200:17)
    at Worker.connection [as processFn] (/home/shubham/deployment/backend/worker.js:46:48)
    at process.processTicksAndRejections (node:internal/process/task_queues:95:5)
    at async /home/shubham/deployment/backend/node_modules/bullmq/dist/cjs/classes/worker.js:589:32
2026-05-24 19:28:51 [ERROR] [Worker] Job 6a13041325faa97aee1f5022 failed:
2026-05-24 19:31:08 [INFO] Deploy queue initialized
2026-05-24 19:31:08 [INFO] Connecting to primary MongoDB...
2026-05-24 19:31:19 [INFO] ✅ Connected to MongoDB
2026-05-24 19:31:19 [INFO] ✅ API Server running on http://localhost:5000
2026-05-24 19:32:10 [INFO] Deploy queue initialized
2026-05-24 19:32:10 [INFO] Connecting to primary MongoDB...
2026-05-24 19:32:19 [INFO] ✅ Connected to MongoDB
2026-05-24 19:32:19 [INFO] ✅ API Server running on http://localhost:5000
2026-05-24 19:33:45 [DEBUG] GET /api/deployments
2026-05-24 19:33:48 [DEBUG] GET /api/deployments
2026-05-24 19:34:23 [DEBUG] POST /api/deploy
2026-05-24 19:34:24 [INFO] [API] Deployment created: 6a130568939b050e9d4cd2a3 for mukesthapa  (mukeshthapa.com)
2026-05-24 19:34:24 [INFO] [Worker] Processing job: 6a130568939b050e9d4cd2a3 | Deployment: 6a130568939b050e9d4cd2a3
2026-05-24 19:34:24 [INFO] [API] Job queued: 6a130568939b050e9d4cd2a3
2026-05-24 19:34:24 [DEBUG] GET /api/deployments
2026-05-24 19:34:24 [INFO] [Worker] Deploying Docker container: nginx:latest
2026-05-24 19:34:24 [INFO] [SSH] Connecting to EC2: 13.233.198.197
2026-05-24 19:34:24 [ERROR] [SSH] Deployment failed: ENOENT: no such file or directory, open './keys/ec2-key.pem'
Error: ENOENT: no such file or directory, open './keys/ec2-key.pem'
    at Object.readFileSync (node:fs:449:20)
    at DockerService.deployViaSSH (/home/shubham/deployment/backend/services/dockerService.js:33:29)
    at DockerService.deploy (/home/shubham/deployment/backend/services/dockerService.js:200:17)
    at Worker.connection [as processFn] (/home/shubham/deployment/backend/worker.js:46:48)
    at process.processTicksAndRejections (node:internal/process/task_queues:95:5)
    at async /home/shubham/deployment/backend/node_modules/bullmq/dist/cjs/classes/worker.js:589:32
2026-05-24 19:34:24 [ERROR] [Worker] ❌ Deployment 6a130568939b050e9d4cd2a3 failed: ENOENT: no such file or directory, open './keys/ec2-key.pem'
Error: ENOENT: no such file or directory, open './keys/ec2-key.pem'
    at Object.readFileSync (node:fs:449:20)
    at DockerService.deployViaSSH (/home/shubham/deployment/backend/services/dockerService.js:33:29)
    at DockerService.deploy (/home/shubham/deployment/backend/services/dockerService.js:200:17)
    at Worker.connection [as processFn] (/home/shubham/deployment/backend/worker.js:46:48)
    at process.processTicksAndRejections (node:internal/process/task_queues:95:5)
    at async /home/shubham/deployment/backend/node_modules/bullmq/dist/cjs/classes/worker.js:589:32
2026-05-24 19:34:24 [ERROR] [Worker] Job 6a130568939b050e9d4cd2a3 failed:
2026-05-24 19:34:26 [INFO] [Worker] Processing job: 6a130568939b050e9d4cd2a3 | Deployment: 6a130568939b050e9d4cd2a3
2026-05-24 19:34:27 [INFO] [Worker] Deploying Docker container: nginx:latest
2026-05-24 19:34:27 [INFO] [SSH] Connecting to EC2: 13.233.198.197
2026-05-24 19:34:27 [ERROR] [SSH] Deployment failed: ENOENT: no such file or directory, open './keys/ec2-key.pem'
Error: ENOENT: no such file or directory, open './keys/ec2-key.pem'
    at Object.readFileSync (node:fs:449:20)
    at DockerService.deployViaSSH (/home/shubham/deployment/backend/services/dockerService.js:33:29)
    at DockerService.deploy (/home/shubham/deployment/backend/services/dockerService.js:200:17)
    at Worker.connection [as processFn] (/home/shubham/deployment/backend/worker.js:46:48)
    at process.processTicksAndRejections (node:internal/process/task_queues:95:5)
    at async /home/shubham/deployment/backend/node_modules/bullmq/dist/cjs/classes/worker.js:589:32
2026-05-24 19:34:27 [ERROR] [Worker] ❌ Deployment 6a130568939b050e9d4cd2a3 failed: ENOENT: no such file or directory, open './keys/ec2-key.pem'
Error: ENOENT: no such file or directory, open './keys/ec2-key.pem'
    at Object.readFileSync (node:fs:449:20)
    at DockerService.deployViaSSH (/home/shubham/deployment/backend/services/dockerService.js:33:29)
    at DockerService.deploy (/home/shubham/deployment/backend/services/dockerService.js:200:17)
    at Worker.connection [as processFn] (/home/shubham/deployment/backend/worker.js:46:48)
    at process.processTicksAndRejections (node:internal/process/task_queues:95:5)
    at async /home/shubham/deployment/backend/node_modules/bullmq/dist/cjs/classes/worker.js:589:32
2026-05-24 19:34:27 [ERROR] [Worker] Job 6a130568939b050e9d4cd2a3 failed:
2026-05-24 19:34:27 [DEBUG] GET /api/deployments
2026-05-24 19:34:31 [INFO] [Worker] Processing job: 6a130568939b050e9d4cd2a3 | Deployment: 6a130568939b050e9d4cd2a3
2026-05-24 19:34:31 [INFO] [Worker] Deploying Docker container: nginx:latest
2026-05-24 19:34:31 [INFO] [SSH] Connecting to EC2: 13.233.198.197
2026-05-24 19:34:31 [ERROR] [SSH] Deployment failed: ENOENT: no such file or directory, open './keys/ec2-key.pem'
Error: ENOENT: no such file or directory, open './keys/ec2-key.pem'
    at Object.readFileSync (node:fs:449:20)
    at DockerService.deployViaSSH (/home/shubham/deployment/backend/services/dockerService.js:33:29)
    at DockerService.deploy (/home/shubham/deployment/backend/services/dockerService.js:200:17)
    at Worker.connection [as processFn] (/home/shubham/deployment/backend/worker.js:46:48)
    at process.processTicksAndRejections (node:internal/process/task_queues:95:5)
    at async /home/shubham/deployment/backend/node_modules/bullmq/dist/cjs/classes/worker.js:589:32
2026-05-24 19:34:32 [ERROR] [Worker] ❌ Deployment 6a130568939b050e9d4cd2a3 failed: ENOENT: no such file or directory, open './keys/ec2-key.pem'
Error: ENOENT: no such file or directory, open './keys/ec2-key.pem'
    at Object.readFileSync (node:fs:449:20)
    at DockerService.deployViaSSH (/home/shubham/deployment/backend/services/dockerService.js:33:29)
    at DockerService.deploy (/home/shubham/deployment/backend/services/dockerService.js:200:17)
    at Worker.connection [as processFn] (/home/shubham/deployment/backend/worker.js:46:48)
    at process.processTicksAndRejections (node:internal/process/task_queues:95:5)
    at async /home/shubham/deployment/backend/node_modules/bullmq/dist/cjs/classes/worker.js:589:32
2026-05-24 19:34:32 [ERROR] [Worker] Job 6a130568939b050e9d4cd2a3 failed:
2026-05-24 19:35:35 [INFO] Shutting down worker...
2026-05-24 19:35:38 [INFO] Worker connecting to primary MongoDB...
2026-05-24 19:35:42 [INFO] ✅ Worker connected to MongoDB
2026-05-24 19:35:42 [INFO] ✅ Worker listening for deployment jobs...
2026-05-24 19:35:49 [DEBUG] GET /api/deployments
2026-05-24 19:35:57 [DEBUG] DELETE /api/deployments/6a130568939b050e9d4cd2a3
2026-05-24 19:35:58 [INFO] [API] Deployment deleted: 6a130568939b050e9d4cd2a3
2026-05-24 19:35:58 [DEBUG] GET /api/deployments
2026-05-24 19:36:04 [DEBUG] DELETE /api/deployments/6a13041325faa97aee1f5022
2026-05-24 19:36:04 [INFO] [API] Deployment deleted: 6a13041325faa97aee1f5022
2026-05-24 19:36:04 [DEBUG] GET /api/deployments
2026-05-24 19:36:19 [DEBUG] POST /api/deploy
2026-05-24 19:36:19 [INFO] [API] Deployment created: 6a1305db939b050e9d4cd2ad for sureshthapa (sureshthapa.com)
2026-05-24 19:36:19 [INFO] [API] Job queued: 6a1305db939b050e9d4cd2ad
2026-05-24 19:36:19 [INFO] [Worker] Processing job: 6a1305db939b050e9d4cd2ad | Deployment: 6a1305db939b050e9d4cd2ad
2026-05-24 19:36:19 [DEBUG] GET /api/deployments
2026-05-24 19:36:19 [INFO] [Worker] Deploying Docker container: nginx:latest
2026-05-24 19:36:19 [WARN] [Docker] SSH key not found at ./keys/ec2-key.pem — falling back to simulation
2026-05-24 19:36:19 [INFO] [Docker] Running in SIMULATION mode (no real EC2 connection)
2026-05-24 19:36:19 [INFO] [SIM] Simulating Docker deployment for sureshthapa
2026-05-24 19:36:22 [DEBUG] GET /api/deployments
2026-05-24 19:36:23 [INFO] [SIM] Container 22197f40355a simulated on port 6247
2026-05-24 19:36:24 [INFO] [Worker] Triggering Lambda function
2026-05-24 19:36:24 [INFO] [Lambda] Invoking function: post-deployment-setup
2026-05-24 19:36:26 [INFO] [Lambda] Function executed. Status: 200
2026-05-24 19:36:26 [DEBUG] GET /api/deployments
2026-05-24 19:36:26 [INFO] [Worker] ✅ Deployment 6a1305db939b050e9d4cd2ad completed successfully
2026-05-24 19:36:26 [INFO] [Worker] Job 6a1305db939b050e9d4cd2ad completed
2026-05-24 20:07:43 [INFO] Shutting down worker...
2026-05-24 20:08:08 [INFO] Deploy queue initialized
2026-05-24 20:08:08 [INFO] Connecting to primary MongoDB...
2026-05-24 20:08:12 [INFO] ✅ Connected to MongoDB
2026-05-24 20:08:12 [INFO] ✅ API Server running on http://localhost:5000
2026-05-25 00:05:30 [INFO] Deploy queue initialized
2026-05-25 00:05:30 [INFO] Connecting to primary MongoDB...
2026-05-25 00:05:31 [INFO] ✅ Connected to MongoDB
2026-05-25 00:05:31 [INFO] ✅ API Server running on http://localhost:5000
2026-05-25 00:05:31 [INFO] ⚡ START_WORKER=true detected: Starting background queue worker in-process...
2026-05-25 00:05:32 [INFO] Worker connecting to primary MongoDB...
2026-05-25 00:05:32 [INFO] ✅ Worker connected to MongoDB
2026-05-25 00:05:32 [INFO] ✅ Worker listening for deployment jobs...
2026-05-25 00:05:41 [DEBUG] GET /api/deployments
2026-05-25 00:05:41 [DEBUG] GET /api/deployments
2026-05-25 00:05:44 [DEBUG] GET /api/deployments
2026-05-25 00:05:45 [DEBUG] GET /api/deployments
2026-05-25 00:05:48 [DEBUG] GET /api/deployments
2026-05-25 00:05:51 [DEBUG] GET /api/deployments
2026-05-25 00:05:52 [DEBUG] GET /api/deployments
2026-05-25 00:05:52 [DEBUG] GET /api/deployments
2026-05-25 00:05:52 [DEBUG] GET /api/deployments
2026-05-25 00:05:52 [DEBUG] GET /api/deployments
2026-05-25 00:05:52 [DEBUG] GET /api/deployments
2026-05-25 00:05:53 [DEBUG] GET /api/deployments
2026-05-25 00:05:53 [DEBUG] GET /api/deployments
2026-05-25 00:05:53 [DEBUG] GET /api/deployments
2026-05-25 00:05:56 [DEBUG] GET /api/deployments
2026-05-25 00:05:59 [DEBUG] GET /api/deployments
2026-05-25 00:06:02 [DEBUG] GET /api/deployments
2026-05-25 00:06:05 [DEBUG] GET /api/deployments
2026-05-25 00:06:09 [DEBUG] GET /api/deployments
2026-05-25 00:06:12 [DEBUG] GET /api/deployments
2026-05-25 00:06:15 [DEBUG] GET /api/deployments
2026-05-25 00:06:18 [DEBUG] GET /api/deployments
2026-05-25 00:06:20 [DEBUG] GET /api/deployments
2026-05-25 00:06:20 [DEBUG] GET /api/deployments
2026-05-25 00:06:21 [DEBUG] GET /api/deployments
2026-05-25 00:06:21 [DEBUG] GET /api/deployments
2026-05-25 00:06:24 [DEBUG] GET /api/deployments
2026-05-25 00:06:27 [DEBUG] GET /api/deployments
2026-05-25 00:06:27 [DEBUG] GET /api/deployments
2026-05-25 00:06:30 [DEBUG] GET /api/deployments
2026-05-25 00:06:33 [DEBUG] GET /api/deployments
2026-05-25 00:06:33 [DEBUG] GET /api/deployments
2026-05-25 00:06:33 [DEBUG] GET /api/deployments
2026-05-25 00:06:33 [DEBUG] GET /api/deployments
2026-05-25 00:06:37 [DEBUG] GET /api/deployments
2026-05-25 00:06:40 [DEBUG] GET /api/deployments
2026-05-25 00:06:43 [DEBUG] GET /api/deployments
2026-05-25 00:06:46 [DEBUG] GET /api/deployments
2026-05-25 00:06:49 [DEBUG] GET /api/deployments
2026-05-25 00:06:52 [DEBUG] GET /api/deployments
2026-05-25 00:06:55 [DEBUG] GET /api/deployments
2026-05-25 00:06:58 [DEBUG] GET /api/deployments
2026-05-25 00:07:01 [DEBUG] GET /api/deployments
2026-05-25 00:07:05 [DEBUG] GET /api/deployments
2026-05-25 00:07:08 [DEBUG] GET /api/deployments
2026-05-25 00:07:11 [DEBUG] GET /api/deployments
2026-05-25 00:07:14 [DEBUG] GET /api/deployments
2026-05-25 00:07:17 [DEBUG] GET /api/deployments
2026-05-25 00:07:20 [DEBUG] GET /api/deployments
2026-05-25 00:07:23 [DEBUG] GET /api/deployments
2026-05-25 00:07:26 [DEBUG] GET /api/deployments
2026-05-25 00:07:30 [DEBUG] GET /api/deployments
2026-05-25 00:07:34 [DEBUG] GET /api/deployments
2026-05-25 00:07:37 [DEBUG] GET /api/deployments
2026-05-25 00:07:40 [DEBUG] GET /api/deployments
2026-05-25 00:07:44 [DEBUG] GET /api/deployments
2026-05-25 00:07:47 [DEBUG] GET /api/deployments
2026-05-25 00:07:51 [DEBUG] GET /api/deployments
2026-05-25 00:07:56 [DEBUG] GET /api/deployments
2026-05-25 00:08:00 [DEBUG] GET /api/deployments
2026-05-25 00:08:03 [DEBUG] GET /api/deployments
2026-05-25 00:08:06 [DEBUG] GET /api/deployments
2026-05-25 00:08:09 [DEBUG] GET /api/deployments
2026-05-25 00:08:14 [DEBUG] GET /api/deployments
2026-05-25 00:08:18 [DEBUG] GET /api/deployments
2026-05-25 00:08:21 [DEBUG] GET /api/deployments
2026-05-25 00:08:24 [DEBUG] GET /api/deployments
2026-05-25 00:08:27 [DEBUG] GET /api/deployments
2026-05-25 00:08:31 [DEBUG] GET /api/deployments
2026-05-25 00:08:36 [DEBUG] GET /api/deployments
2026-05-25 00:08:39 [DEBUG] GET /api/deployments
2026-05-25 00:08:42 [DEBUG] GET /api/deployments
2026-05-25 00:08:45 [DEBUG] GET /api/deployments
2026-05-25 00:08:49 [DEBUG] GET /api/deployments
2026-05-25 00:08:52 [DEBUG] GET /api/deployments
2026-05-25 00:08:55 [DEBUG] GET /api/deployments
2026-05-25 00:09:00 [DEBUG] GET /api/deployments
2026-05-25 00:09:03 [DEBUG] GET /api/deployments
2026-05-25 00:09:06 [DEBUG] GET /api/deployments
2026-05-25 00:09:09 [DEBUG] GET /api/deployments
2026-05-25 00:09:12 [DEBUG] GET /api/deployments
2026-05-25 00:09:15 [DEBUG] GET /api/deployments
2026-05-25 00:09:19 [DEBUG] GET /api/deployments
2026-05-25 00:09:22 [DEBUG] GET /api/deployments
2026-05-25 00:09:26 [DEBUG] GET /api/deployments
2026-05-25 00:09:29 [DEBUG] GET /api/deployments
2026-05-25 00:09:32 [DEBUG] GET /api/deployments
2026-05-25 00:09:35 [DEBUG] GET /api/deployments
2026-05-25 00:09:39 [DEBUG] GET /api/deployments
2026-05-25 00:09:43 [DEBUG] GET /api/deployments
2026-05-25 00:09:47 [DEBUG] GET /api/deployments
2026-05-25 00:09:50 [DEBUG] GET /api/deployments
2026-05-25 00:09:53 [DEBUG] GET /api/deployments
2026-05-25 00:09:56 [DEBUG] GET /api/deployments
2026-05-25 00:09:59 [DEBUG] GET /api/deployments
2026-05-25 00:10:03 [DEBUG] GET /api/deployments
2026-05-25 00:10:06 [DEBUG] GET /api/deployments
2026-05-25 00:10:09 [DEBUG] GET /api/deployments
2026-05-25 00:10:12 [DEBUG] GET /api/deployments
2026-05-25 00:10:15 [DEBUG] GET /api/deployments
2026-05-25 00:10:18 [DEBUG] GET /api/deployments
2026-05-25 00:10:21 [DEBUG] GET /api/deployments
2026-05-25 00:10:24 [DEBUG] GET /api/deployments
2026-05-25 00:10:27 [DEBUG] GET /api/deployments
2026-05-25 00:10:31 [DEBUG] GET /api/deployments
2026-05-25 00:10:34 [DEBUG] GET /api/deployments
2026-05-25 00:10:37 [DEBUG] GET /api/deployments
2026-05-25 00:10:40 [DEBUG] GET /api/deployments
2026-05-25 00:10:43 [DEBUG] GET /api/deployments
2026-05-25 00:10:45 [DEBUG] GET /api/deployments
2026-05-25 00:10:46 [DEBUG] GET /api/deployments
2026-05-25 00:10:49 [DEBUG] GET /api/deployments
2026-05-25 00:10:53 [DEBUG] GET /api/deployments
2026-05-25 00:10:56 [DEBUG] GET /api/deployments
2026-05-25 00:10:59 [DEBUG] GET /api/deployments
2026-05-25 00:11:02 [DEBUG] GET /api/deployments
2026-05-25 00:11:05 [DEBUG] GET /api/deployments
2026-05-25 00:11:08 [DEBUG] GET /api/deployments
2026-05-25 00:11:14 [DEBUG] GET /api/deployments
2026-05-25 00:11:17 [DEBUG] GET /api/deployments
2026-05-25 00:11:23 [DEBUG] GET /api/deployments
2026-05-25 00:11:27 [DEBUG] GET /api/deployments
2026-05-25 00:11:30 [DEBUG] GET /api/deployments
2026-05-25 00:11:33 [DEBUG] GET /api/deployments
2026-05-25 00:11:36 [DEBUG] GET /api/deployments
2026-05-25 00:11:41 [DEBUG] GET /api/deployments
2026-05-25 00:11:45 [DEBUG] GET /api/deployments
2026-05-25 00:11:47 [DEBUG] GET /api/deployments
2026-05-25 00:11:53 [DEBUG] GET /api/deployments
2026-05-25 00:11:53 [DEBUG] GET /api/deployments
2026-05-25 00:11:55 [DEBUG] GET /api/deployments
2026-05-25 00:11:58 [DEBUG] GET /api/deployments
2026-05-25 00:11:59 [DEBUG] GET /api/deployments
2026-05-25 00:11:59 [DEBUG] GET /api/deployments
2026-05-25 00:12:02 [DEBUG] GET /api/deployments
2026-05-25 00:12:05 [DEBUG] GET /api/deployments
2026-05-25 00:12:08 [DEBUG] GET /api/deployments
2026-05-25 00:12:11 [DEBUG] GET /api/deployments
2026-05-25 00:12:16 [DEBUG] GET /api/deployments
2026-05-25 00:12:20 [DEBUG] GET /api/deployments
2026-05-25 00:12:22 [INFO] Shutting down worker...
2026-05-25 00:12:22 [INFO] Shutting down worker...
2026-05-25 00:12:22 [INFO] Shutting down worker...
2026-05-25 00:12:23 [DEBUG] GET /api/deployments
2026-05-25 00:12:23 [INFO] Shutting down worker...
2026-05-25 00:12:25 [ERROR] [API] Deployments list error: Operation interrupted because client was closed
MongoClientClosedError: Operation interrupted because client was closed
    at ConnectionPool.closeCheckedOutConnections (/home/shubham/deployment/backend/node_modules/mongodb/lib/cmap/connection_pool.js:260:26)
    at Server.closeCheckedOutConnections (/home/shubham/deployment/backend/node_modules/mongodb/lib/sdam/server.js:111:26)
    at Topology.closeCheckedOutConnections (/home/shubham/deployment/backend/node_modules/mongodb/lib/sdam/topology.js:222:27)
    at MongoClient._close (/home/shubham/deployment/backend/node_modules/mongodb/lib/mongo_client.js:348:24)
    at MongoClient.close (/home/shubham/deployment/backend/node_modules/mongodb/lib/mongo_client.js:331:35)
    at NativeConnection.doClose (/home/shubham/deployment/backend/node_modules/mongoose/lib/drivers/node-mongodb-native/connection.js:208:21)
    at NativeConnection._close (/home/shubham/deployment/backend/node_modules/mongoose/lib/connection.js:1264:18)
    at NativeConnection.close (/home/shubham/deployment/backend/node_modules/mongoose/lib/connection.js:1229:15)
    at /home/shubham/deployment/backend/node_modules/mongoose/lib/mongoose.js:471:60
    at Array.map (<anonymous>)
2026-05-25 00:12:34 [INFO] Deploy queue initialized
2026-05-25 00:12:34 [INFO] Connecting to primary MongoDB...
2026-05-25 00:12:39 [INFO] ✅ Connected to MongoDB
2026-05-25 00:12:39 [INFO] ✅ API Server running on http://localhost:5000
2026-05-25 00:12:39 [INFO] ⚡ START_WORKER=true detected: Starting background queue worker in-process...
2026-05-25 00:12:39 [INFO] Worker connecting to primary MongoDB...
2026-05-25 00:12:39 [INFO] ✅ Worker connected to MongoDB
2026-05-25 00:12:39 [INFO] ✅ Worker listening for deployment jobs...
2026-05-25 00:12:40 [DEBUG] GET /api/deployments
2026-05-25 00:12:43 [DEBUG] GET /api/deployments
2026-05-25 00:12:47 [DEBUG] GET /api/deployments
2026-05-25 00:12:50 [DEBUG] GET /api/deployments
2026-05-25 00:12:55 [DEBUG] GET /api/deployments
2026-05-25 00:12:58 [DEBUG] GET /api/deployments
2026-05-25 00:13:01 [DEBUG] GET /api/deployments
2026-05-25 00:13:04 [DEBUG] GET /api/deployments
2026-05-25 00:13:08 [DEBUG] GET /api/deployments
2026-05-25 00:13:13 [DEBUG] GET /api/deployments
2026-05-25 00:13:18 [DEBUG] GET /api/deployments
2026-05-25 00:13:22 [DEBUG] GET /api/deployments
2026-05-25 00:13:27 [DEBUG] GET /api/deployments
2026-05-25 00:13:27 [DEBUG] GET /api/deployments
2026-05-25 00:13:31 [DEBUG] GET /api/deployments
2026-05-25 00:13:35 [DEBUG] GET /api/deployments
2026-05-25 00:13:39 [DEBUG] GET /api/deployments
2026-05-25 00:13:44 [DEBUG] GET /api/deployments
2026-05-25 00:13:48 [DEBUG] GET /api/deployments
2026-05-25 00:13:53 [DEBUG] GET /api/deployments
2026-05-25 00:13:57 [DEBUG] GET /api/deployments
2026-05-25 00:14:01 [DEBUG] GET /api/deployments
2026-05-25 00:14:06 [DEBUG] GET /api/deployments
2026-05-25 00:14:09 [DEBUG] GET /api/deployments
2026-05-25 00:14:13 [DEBUG] GET /api/deployments
2026-05-25 00:14:13 [DEBUG] GET /api/deployments
2026-05-25 00:14:16 [DEBUG] GET /api/deployments
2026-05-25 00:14:19 [DEBUG] GET /api/deployments
2026-05-25 00:14:22 [DEBUG] GET /api/deployments
2026-05-25 00:14:26 [DEBUG] GET /api/deployments
2026-05-25 00:14:31 [DEBUG] GET /api/deployments
2026-05-25 00:14:32 [DEBUG] GET /api/deployments
2026-05-25 00:14:35 [DEBUG] GET /api/deployments
2026-05-25 00:14:36 [DEBUG] GET /api/deployments
2026-05-25 00:14:39 [DEBUG] GET /api/deployments
2026-05-25 00:14:42 [DEBUG] GET /api/deployments
2026-05-25 00:14:43 [DEBUG] GET /api/deployments
2026-05-25 00:14:45 [DEBUG] GET /api/deployments
2026-05-25 00:14:48 [DEBUG] GET /api/deployments
2026-05-25 00:14:51 [DEBUG] GET /api/deployments
2026-05-25 00:14:54 [DEBUG] GET /api/deployments
2026-05-25 00:14:58 [DEBUG] GET /api/deployments
2026-05-25 00:15:01 [DEBUG] GET /api/deployments
2026-05-25 00:15:04 [DEBUG] GET /api/deployments
2026-05-25 00:15:07 [DEBUG] GET /api/deployments
2026-05-25 00:15:10 [DEBUG] GET /api/deployments
2026-05-25 00:15:13 [DEBUG] GET /api/deployments
2026-05-25 00:15:16 [DEBUG] GET /api/deployments
2026-05-25 00:15:19 [DEBUG] GET /api/deployments
2026-05-25 00:15:22 [DEBUG] GET /api/deployments
2026-05-25 00:15:26 [DEBUG] GET /api/deployments
2026-05-25 00:15:29 [DEBUG] GET /api/deployments
2026-05-25 00:15:32 [DEBUG] GET /api/deployments
2026-05-25 00:15:35 [DEBUG] GET /api/deployments
2026-05-25 00:15:38 [DEBUG] GET /api/deployments
2026-05-25 00:15:41 [DEBUG] GET /api/deployments
2026-05-25 00:15:44 [DEBUG] GET /api/deployments
2026-05-25 00:15:44 [DEBUG] GET /api/deployments
2026-05-25 00:15:48 [DEBUG] GET /api/deployments
2026-05-25 00:15:51 [DEBUG] GET /api/deployments
2026-05-25 00:15:54 [DEBUG] GET /api/deployments
2026-05-25 00:15:58 [DEBUG] GET /api/deployments
2026-05-25 00:16:02 [DEBUG] GET /api/deployments
2026-05-25 00:16:05 [DEBUG] GET /api/deployments
2026-05-25 00:16:09 [DEBUG] GET /api/deployments
2026-05-25 00:16:12 [DEBUG] GET /api/deployments
2026-05-25 00:16:15 [DEBUG] GET /api/deployments
2026-05-25 00:16:19 [DEBUG] GET /api/deployments
2026-05-25 00:16:23 [DEBUG] GET /api/deployments
2026-05-25 00:16:27 [DEBUG] GET /api/deployments
2026-05-25 00:16:31 [DEBUG] GET /api/deployments
2026-05-25 00:16:35 [DEBUG] GET /api/deployments
2026-05-25 00:16:39 [DEBUG] GET /api/deployments
2026-05-25 00:16:42 [DEBUG] GET /api/deployments
2026-05-25 00:16:45 [DEBUG] GET /api/deployments
2026-05-25 00:16:48 [DEBUG] GET /api/deployments
2026-05-25 00:16:51 [DEBUG] GET /api/deployments
2026-05-25 00:16:54 [DEBUG] GET /api/deployments
2026-05-25 00:16:57 [DEBUG] GET /api/deployments
2026-05-25 00:17:01 [DEBUG] GET /api/deployments
2026-05-25 00:17:03 [DEBUG] GET /api/deployments
2026-05-25 00:17:06 [DEBUG] GET /api/deployments
2026-05-25 00:17:09 [DEBUG] GET /api/deployments
2026-05-25 00:17:12 [DEBUG] GET /api/deployments
2026-05-25 00:17:16 [DEBUG] GET /api/deployments
2026-05-25 00:17:16 [DEBUG] POST /api/deploy
2026-05-25 00:17:16 [INFO] [API] Deployment created: 6a1347b4d8b691bd8bb81802 for wss (ds.vo)
2026-05-25 00:17:16 [INFO] [API] Job queued: 6a1347b4d8b691bd8bb81802
2026-05-25 00:17:16 [INFO] [Worker] Processing job: 6a1347b4d8b691bd8bb81802 | Deployment: 6a1347b4d8b691bd8bb81802
2026-05-25 00:17:16 [DEBUG] GET /api/deployments
2026-05-25 00:17:16 [INFO] [Worker] Deploying Docker container: nginx:latest
2026-05-25 00:17:16 [WARN] [Docker] SSH key not found at ./keys/ec2-key.pem — falling back to simulation
2026-05-25 00:17:16 [INFO] [Docker] Running in SIMULATION mode (no real EC2 connection)
2026-05-25 00:17:16 [INFO] [SIM] Simulating Docker deployment for wss
2026-05-25 00:17:19 [DEBUG] GET /api/deployments
2026-05-25 00:17:20 [INFO] [SIM] Container eb31276393f8 simulated on port 4370
2026-05-25 00:17:20 [INFO] [Worker] Triggering Lambda function
2026-05-25 00:17:20 [INFO] [Lambda] Invoking function: post-deployment-setup
2026-05-25 00:17:21 [INFO] [Lambda] Function executed. Status: 200
2026-05-25 00:17:21 [INFO] [Worker] ✅ Deployment 6a1347b4d8b691bd8bb81802 completed successfully
2026-05-25 00:17:21 [INFO] [Worker] Job 6a1347b4d8b691bd8bb81802 completed
2026-05-25 00:17:22 [DEBUG] GET /api/deployments
2026-05-25 00:17:22 [DEBUG] GET /api/deployments
2026-05-25 00:17:25 [DEBUG] GET /api/deployments
2026-05-25 00:17:29 [DEBUG] GET /api/deployments
2026-05-25 00:17:32 [DEBUG] GET /api/deployments
2026-05-25 00:17:35 [DEBUG] GET /api/deployments
2026-05-25 00:17:38 [DEBUG] GET /api/deployments
2026-05-25 00:17:41 [DEBUG] GET /api/deployments
2026-05-25 00:17:44 [DEBUG] GET /api/deployments
2026-05-25 00:17:47 [DEBUG] GET /api/deployments
2026-05-25 00:17:50 [DEBUG] GET /api/deployments
2026-05-25 00:17:53 [DEBUG] GET /api/deployments
2026-05-25 00:17:56 [DEBUG] GET /api/deployments
2026-05-25 00:18:00 [DEBUG] GET /api/deployments
2026-05-25 00:18:03 [DEBUG] GET /api/deployments
2026-05-25 00:18:06 [DEBUG] GET /api/deployments
2026-05-25 00:18:09 [DEBUG] GET /api/deployments
2026-05-25 00:18:12 [DEBUG] GET /api/deployments
2026-05-25 00:18:15 [DEBUG] GET /api/deployments
2026-05-25 00:18:18 [DEBUG] GET /api/deployments
2026-05-25 00:18:21 [DEBUG] GET /api/deployments
2026-05-25 00:18:25 [DEBUG] GET /api/deployments
2026-05-25 00:18:29 [DEBUG] GET /api/deployments
2026-05-25 00:18:32 [DEBUG] GET /api/deployments
2026-05-25 00:18:35 [DEBUG] GET /api/deployments
2026-05-25 00:18:38 [DEBUG] GET /api/deployments
2026-05-25 00:18:42 [DEBUG] GET /api/deployments
2026-05-25 00:18:46 [DEBUG] GET /api/deployments
2026-05-25 00:18:49 [DEBUG] GET /api/deployments
2026-05-25 00:18:52 [DEBUG] GET /api/deployments
2026-05-25 00:18:55 [DEBUG] GET /api/deployments
2026-05-25 00:18:58 [DEBUG] GET /api/deployments
2026-05-25 00:19:02 [DEBUG] GET /api/deployments
2026-05-25 00:19:05 [DEBUG] GET /api/deployments
2026-05-25 00:19:08 [DEBUG] GET /api/deployments
2026-05-25 00:19:11 [DEBUG] GET /api/deployments
2026-05-25 00:19:14 [DEBUG] GET /api/deployments
2026-05-25 00:19:17 [DEBUG] GET /api/deployments
2026-05-25 00:19:20 [DEBUG] GET /api/deployments
2026-05-25 00:19:23 [DEBUG] GET /api/deployments
2026-05-25 00:19:26 [DEBUG] GET /api/deployments
2026-05-25 00:19:30 [DEBUG] GET /api/deployments
2026-05-25 00:19:33 [DEBUG] GET /api/deployments
2026-05-25 00:19:36 [DEBUG] GET /api/deployments
2026-05-25 00:19:39 [DEBUG] GET /api/deployments
2026-05-25 00:19:42 [DEBUG] GET /api/deployments
2026-05-25 00:19:45 [DEBUG] GET /api/deployments
2026-05-25 00:19:48 [DEBUG] GET /api/deployments
2026-05-25 00:19:51 [DEBUG] GET /api/deployments
2026-05-25 00:19:55 [DEBUG] GET /api/deployments
2026-05-25 00:19:58 [DEBUG] GET /api/deployments
2026-05-25 00:20:01 [DEBUG] GET /api/deployments
2026-05-25 00:20:04 [DEBUG] GET /api/deployments
2026-05-25 00:20:07 [DEBUG] GET /api/deployments
2026-05-25 00:20:10 [DEBUG] GET /api/deployments
2026-05-25 00:20:13 [DEBUG] GET /api/deployments
2026-05-25 00:20:16 [DEBUG] GET /api/deployments
2026-05-25 00:20:19 [DEBUG] GET /api/deployments
2026-05-25 00:20:23 [DEBUG] GET /api/deployments
2026-05-25 00:20:26 [DEBUG] GET /api/deployments
2026-05-25 00:20:29 [DEBUG] GET /api/deployments
2026-05-25 00:20:32 [DEBUG] GET /api/deployments
2026-05-25 00:20:35 [DEBUG] GET /api/deployments
2026-05-25 00:20:38 [DEBUG] GET /api/deployments
2026-05-25 00:20:41 [DEBUG] GET /api/deployments
2026-05-25 00:20:44 [DEBUG] GET /api/deployments
2026-05-25 00:20:47 [DEBUG] GET /api/deployments
2026-05-25 00:20:51 [DEBUG] GET /api/deployments
2026-05-25 00:20:54 [DEBUG] GET /api/deployments
2026-05-25 00:20:57 [DEBUG] GET /api/deployments
2026-05-25 00:21:00 [DEBUG] GET /api/deployments
2026-05-25 00:21:04 [DEBUG] GET /api/deployments
2026-05-25 00:21:08 [DEBUG] GET /api/deployments
2026-05-25 00:21:11 [DEBUG] GET /api/deployments
2026-05-25 00:21:14 [DEBUG] GET /api/deployments
2026-05-25 00:21:17 [DEBUG] GET /api/deployments
2026-05-25 00:21:20 [DEBUG] GET /api/deployments
2026-05-25 00:21:24 [DEBUG] GET /api/deployments
2026-05-25 00:21:27 [DEBUG] GET /api/deployments
2026-05-25 00:21:30 [DEBUG] GET /api/deployments
2026-05-25 00:21:33 [DEBUG] GET /api/deployments
2026-05-25 00:21:37 [DEBUG] GET /api/deployments
2026-05-25 00:21:40 [DEBUG] GET /api/deployments
2026-05-25 00:21:43 [DEBUG] GET /api/deployments
2026-05-25 00:21:46 [DEBUG] GET /api/deployments
2026-05-25 00:21:49 [DEBUG] GET /api/deployments
2026-05-25 00:21:52 [DEBUG] GET /api/deployments
2026-05-25 00:21:56 [DEBUG] GET /api/deployments
2026-05-25 00:22:00 [DEBUG] GET /api/deployments
2026-05-25 00:22:03 [DEBUG] GET /api/deployments
2026-05-25 00:22:06 [DEBUG] GET /api/deployments
2026-05-25 00:22:09 [DEBUG] GET /api/deployments
2026-05-25 00:22:12 [DEBUG] GET /api/deployments
2026-05-25 00:22:16 [DEBUG] GET /api/deployments
2026-05-25 00:22:20 [DEBUG] GET /api/deployments
2026-05-25 00:22:24 [DEBUG] GET /api/deployments
2026-05-25 00:22:27 [DEBUG] GET /api/deployments
2026-05-25 00:22:30 [DEBUG] GET /api/deployments
2026-05-25 00:22:33 [DEBUG] GET /api/deployments
2026-05-25 00:22:36 [DEBUG] GET /api/deployments
2026-05-25 00:22:40 [DEBUG] GET /api/deployments
2026-05-25 00:22:40 [DEBUG] GET /api/deployments
2026-05-25 00:22:41 [DEBUG] GET /api/deployments
2026-05-25 00:22:43 [DEBUG] GET /api/deployments
2026-05-25 00:22:44 [DEBUG] GET /api/deployments
2026-05-25 00:22:46 [DEBUG] GET /api/deployments
2026-05-25 00:22:47 [DEBUG] GET /api/deployments
2026-05-25 00:22:50 [DEBUG] GET /api/deployments
2026-05-25 00:22:50 [DEBUG] GET /api/deployments
2026-05-25 00:22:53 [DEBUG] GET /api/deployments
2026-05-25 00:22:53 [DEBUG] GET /api/deployments
2026-05-25 00:22:56 [DEBUG] GET /api/deployments
2026-05-25 00:22:57 [DEBUG] GET /api/deployments
2026-05-25 00:22:59 [DEBUG] GET /api/deployments
2026-05-25 00:23:00 [DEBUG] GET /api/deployments
2026-05-25 00:23:02 [DEBUG] GET /api/deployments
2026-05-25 00:23:03 [DEBUG] GET /api/deployments
2026-05-25 00:23:05 [DEBUG] GET /api/deployments
2026-05-25 00:23:07 [DEBUG] GET /api/deployments
2026-05-25 00:23:08 [DEBUG] GET /api/deployments
2026-05-25 00:23:10 [DEBUG] GET /api/deployments
2026-05-25 00:23:12 [DEBUG] GET /api/deployments
2026-05-25 00:23:13 [DEBUG] GET /api/deployments
2026-05-25 00:23:15 [DEBUG] GET /api/deployments
2026-05-25 00:23:16 [DEBUG] GET /api/deployments
2026-05-25 00:23:19 [DEBUG] GET /api/deployments
2026-05-25 00:23:19 [DEBUG] GET /api/deployments
2026-05-25 00:23:22 [DEBUG] GET /api/deployments
2026-05-25 00:23:22 [DEBUG] GET /api/deployments
2026-05-25 00:23:25 [DEBUG] GET /api/deployments
2026-05-25 00:23:25 [DEBUG] GET /api/deployments
2026-05-25 00:23:28 [DEBUG] GET /api/deployments
2026-05-25 00:23:28 [DEBUG] GET /api/deployments
2026-05-25 00:23:31 [DEBUG] GET /api/deployments
2026-05-25 00:23:32 [DEBUG] GET /api/deployments
2026-05-25 00:23:34 [DEBUG] GET /api/deployments
2026-05-25 00:23:35 [DEBUG] GET /api/deployments
2026-05-25 00:23:37 [DEBUG] GET /api/deployments
2026-05-25 00:23:38 [DEBUG] GET /api/deployments
2026-05-25 00:23:41 [DEBUG] GET /api/deployments
2026-05-25 00:23:41 [DEBUG] GET /api/deployments
2026-05-25 00:23:44 [DEBUG] GET /api/deployments
2026-05-25 00:23:44 [DEBUG] GET /api/deployments
2026-05-25 00:23:47 [DEBUG] GET /api/deployments
2026-05-25 00:23:47 [DEBUG] GET /api/deployments
2026-05-25 00:23:50 [DEBUG] GET /api/deployments
2026-05-25 00:23:50 [DEBUG] GET /api/deployments
2026-05-25 00:23:53 [DEBUG] GET /api/deployments
2026-05-25 00:23:54 [DEBUG] GET /api/deployments
2026-05-25 00:23:56 [DEBUG] GET /api/deployments
2026-05-25 00:23:57 [DEBUG] GET /api/deployments
2026-05-25 00:23:59 [DEBUG] GET /api/deployments
2026-05-25 00:24:00 [DEBUG] GET /api/deployments
2026-05-25 00:24:02 [DEBUG] GET /api/deployments
2026-05-25 00:24:03 [DEBUG] GET /api/deployments
2026-05-25 00:24:06 [DEBUG] GET /api/deployments
2026-05-25 00:24:06 [DEBUG] GET /api/deployments
2026-05-25 00:24:09 [DEBUG] GET /api/deployments
2026-05-25 00:24:09 [DEBUG] GET /api/deployments
2026-05-25 00:24:12 [DEBUG] GET /api/deployments
2026-05-25 00:24:12 [DEBUG] GET /api/deployments
2026-05-25 00:24:15 [DEBUG] GET /api/deployments
2026-05-25 00:24:15 [DEBUG] GET /api/deployments
2026-05-25 00:24:18 [DEBUG] GET /api/deployments
2026-05-25 00:24:18 [DEBUG] GET /api/deployments
2026-05-25 00:24:22 [DEBUG] GET /api/deployments
2026-05-25 00:24:22 [DEBUG] GET /api/deployments
2026-05-25 00:24:25 [DEBUG] GET /api/deployments
2026-05-25 00:24:25 [DEBUG] GET /api/deployments
2026-05-25 00:24:28 [DEBUG] GET /api/deployments
2026-05-25 00:24:28 [DEBUG] GET /api/deployments
2026-05-25 00:24:32 [DEBUG] GET /api/deployments
2026-05-25 00:24:32 [DEBUG] GET /api/deployments
2026-05-25 00:24:35 [DEBUG] GET /api/deployments
2026-05-25 00:24:35 [DEBUG] GET /api/deployments
2026-05-25 00:24:39 [DEBUG] GET /api/deployments
2026-05-25 00:24:39 [DEBUG] GET /api/deployments
2026-05-25 00:24:42 [DEBUG] GET /api/deployments
2026-05-25 00:24:43 [DEBUG] GET /api/deployments
2026-05-25 00:24:45 [DEBUG] GET /api/deployments
2026-05-25 00:24:46 [DEBUG] GET /api/deployments
2026-05-25 00:24:48 [DEBUG] GET /api/deployments
2026-05-25 00:24:49 [DEBUG] GET /api/deployments
2026-05-25 00:24:51 [DEBUG] GET /api/deployments
2026-05-25 00:24:53 [DEBUG] GET /api/deployments
2026-05-25 00:24:55 [DEBUG] GET /api/deployments
2026-05-25 00:24:56 [DEBUG] GET /api/deployments
2026-05-25 00:24:58 [DEBUG] GET /api/deployments
2026-05-25 00:24:59 [DEBUG] GET /api/deployments
2026-05-25 00:25:01 [DEBUG] GET /api/deployments
2026-05-25 00:25:02 [DEBUG] GET /api/deployments
2026-05-25 00:25:04 [DEBUG] GET /api/deployments
2026-05-25 00:25:05 [DEBUG] GET /api/deployments
2026-05-25 00:25:07 [DEBUG] GET /api/deployments
2026-05-25 00:25:08 [DEBUG] GET /api/deployments
2026-05-25 00:25:11 [DEBUG] GET /api/deployments
2026-05-25 00:25:11 [DEBUG] GET /api/deployments
2026-05-25 00:25:15 [DEBUG] GET /api/deployments
2026-05-25 00:25:16 [DEBUG] GET /api/deployments
2026-05-25 00:25:18 [DEBUG] GET /api/deployments
2026-05-25 00:25:19 [DEBUG] GET /api/deployments
2026-05-25 00:25:21 [DEBUG] GET /api/deployments
2026-05-25 00:25:22 [DEBUG] GET /api/deployments
2026-05-25 00:25:25 [DEBUG] GET /api/deployments
2026-05-25 00:25:26 [DEBUG] GET /api/deployments
2026-05-25 00:25:28 [DEBUG] GET /api/deployments
2026-05-25 00:25:29 [DEBUG] GET /api/deployments
2026-05-25 00:25:31 [DEBUG] GET /api/deployments
2026-05-25 00:25:33 [DEBUG] GET /api/deployments
2026-05-25 00:25:34 [DEBUG] GET /api/deployments
2026-05-25 00:25:36 [DEBUG] GET /api/deployments
2026-05-25 00:25:38 [DEBUG] GET /api/deployments
2026-05-25 00:25:39 [DEBUG] GET /api/deployments
2026-05-25 00:25:41 [DEBUG] GET /api/deployments
2026-05-25 00:25:42 [DEBUG] GET /api/deployments
2026-05-25 00:25:44 [DEBUG] GET /api/deployments
2026-05-25 00:25:45 [DEBUG] GET /api/deployments
2026-05-25 00:25:47 [DEBUG] GET /api/deployments
2026-05-25 00:25:48 [DEBUG] GET /api/deployments
2026-05-25 00:25:51 [DEBUG] GET /api/deployments
2026-05-25 00:25:51 [DEBUG] GET /api/deployments
2026-05-25 00:25:54 [DEBUG] GET /api/deployments
2026-05-25 00:25:55 [DEBUG] GET /api/deployments
2026-05-25 00:25:57 [DEBUG] GET /api/deployments
2026-05-25 00:25:58 [DEBUG] GET /api/deployments
2026-05-25 00:26:01 [DEBUG] GET /api/deployments
2026-05-25 00:26:01 [DEBUG] GET /api/deployments
2026-05-25 00:26:04 [DEBUG] GET /api/deployments
2026-05-25 00:26:04 [DEBUG] GET /api/deployments
2026-05-25 00:26:07 [DEBUG] GET /api/deployments
2026-05-25 00:26:07 [DEBUG] GET /api/deployments
2026-05-25 00:26:10 [DEBUG] GET /api/deployments
2026-05-25 00:26:11 [DEBUG] GET /api/deployments
2026-05-25 00:26:13 [DEBUG] GET /api/deployments
2026-05-25 00:26:14 [DEBUG] GET /api/deployments
2026-05-25 00:26:17 [DEBUG] GET /api/deployments
2026-05-25 00:26:17 [DEBUG] GET /api/deployments
2026-05-25 00:26:20 [DEBUG] GET /api/deployments
2026-05-25 00:26:21 [DEBUG] GET /api/deployments
2026-05-25 00:26:24 [DEBUG] GET /api/deployments
2026-05-25 00:26:24 [DEBUG] GET /api/deployments
2026-05-25 00:26:27 [DEBUG] GET /api/deployments
2026-05-25 00:26:27 [DEBUG] GET /api/deployments
2026-05-25 00:26:30 [DEBUG] GET /api/deployments
2026-05-25 00:26:31 [DEBUG] GET /api/deployments
2026-05-25 00:26:33 [DEBUG] GET /api/deployments
2026-05-25 00:26:34 [DEBUG] GET /api/deployments
2026-05-25 00:26:37 [DEBUG] GET /api/deployments
2026-05-25 00:26:38 [DEBUG] GET /api/deployments
2026-05-25 00:26:40 [DEBUG] GET /api/deployments
2026-05-25 00:26:41 [DEBUG] GET /api/deployments
2026-05-25 00:26:43 [DEBUG] GET /api/deployments
2026-05-25 00:26:44 [DEBUG] GET /api/deployments
2026-05-25 00:26:46 [DEBUG] GET /api/deployments
2026-05-25 00:26:47 [DEBUG] GET /api/deployments
2026-05-25 00:26:50 [DEBUG] GET /api/deployments
2026-05-25 00:26:50 [DEBUG] GET /api/deployments
2026-05-25 00:26:53 [DEBUG] GET /api/deployments
2026-05-25 00:26:53 [DEBUG] GET /api/deployments
2026-05-25 00:26:56 [DEBUG] GET /api/deployments
2026-05-25 00:26:57 [DEBUG] GET /api/deployments
2026-05-25 00:27:00 [DEBUG] GET /api/deployments
2026-05-25 00:27:00 [DEBUG] GET /api/deployments
2026-05-25 00:27:03 [DEBUG] GET /api/deployments
2026-05-25 00:27:03 [DEBUG] GET /api/deployments
2026-05-25 00:27:06 [DEBUG] GET /api/deployments
2026-05-25 00:27:06 [DEBUG] GET /api/deployments
2026-05-25 00:27:09 [DEBUG] GET /api/deployments
2026-05-25 00:27:10 [DEBUG] GET /api/deployments
2026-05-25 00:27:12 [DEBUG] GET /api/deployments
2026-05-25 00:27:13 [DEBUG] GET /api/deployments
2026-05-25 00:27:15 [DEBUG] GET /api/deployments
2026-05-25 00:27:16 [DEBUG] GET /api/deployments
2026-05-25 00:27:18 [DEBUG] GET /api/deployments
2026-05-25 00:27:20 [DEBUG] GET /api/deployments
2026-05-25 00:27:21 [DEBUG] GET /api/deployments
2026-05-25 00:27:23 [DEBUG] GET /api/deployments
2026-05-25 00:27:25 [DEBUG] GET /api/deployments
2026-05-25 00:27:26 [DEBUG] GET /api/deployments
2026-05-25 00:27:28 [DEBUG] GET /api/deployments
2026-05-25 00:27:29 [DEBUG] GET /api/deployments
2026-05-25 00:27:31 [DEBUG] GET /api/deployments
2026-05-25 00:27:32 [DEBUG] GET /api/deployments
2026-05-25 00:27:34 [DEBUG] GET /api/deployments
2026-05-25 00:27:35 [DEBUG] GET /api/deployments
2026-05-25 00:27:37 [DEBUG] GET /api/deployments
2026-05-25 00:27:39 [DEBUG] GET /api/deployments
2026-05-25 00:27:42 [DEBUG] GET /api/deployments
2026-05-25 00:27:44 [DEBUG] GET /api/deployments
2026-05-25 00:27:46 [DEBUG] GET /api/deployments
2026-05-25 00:27:48 [DEBUG] GET /api/deployments
2026-05-25 00:27:50 [DEBUG] GET /api/deployments
2026-05-25 00:27:52 [DEBUG] GET /api/deployments
2026-05-25 00:27:55 [DEBUG] GET /api/deployments
2026-05-25 00:27:57 [DEBUG] GET /api/deployments
2026-05-25 00:27:58 [DEBUG] GET /api/deployments
2026-05-25 00:28:00 [DEBUG] GET /api/deployments
2026-05-25 00:28:02 [DEBUG] GET /api/deployments
2026-05-25 00:28:04 [DEBUG] GET /api/deployments
2026-05-25 00:28:06 [DEBUG] GET /api/deployments
2026-05-25 00:28:09 [DEBUG] GET /api/deployments
2026-05-25 00:28:10 [DEBUG] GET /api/deployments
2026-05-25 00:28:14 [DEBUG] GET /api/deployments
2026-05-25 00:28:15 [DEBUG] GET /api/deployments
2026-05-25 00:28:17 [DEBUG] GET /api/deployments
2026-05-25 00:28:19 [DEBUG] GET /api/deployments
2026-05-25 00:28:21 [DEBUG] GET /api/deployments
2026-05-25 00:28:22 [DEBUG] GET /api/deployments
2026-05-25 00:28:24 [DEBUG] GET /api/deployments
2026-05-25 00:28:26 [DEBUG] GET /api/deployments
2026-05-25 00:28:28 [DEBUG] GET /api/deployments
2026-05-25 00:28:31 [DEBUG] GET /api/deployments
2026-05-25 00:28:32 [DEBUG] GET /api/deployments
2026-05-25 00:28:34 [DEBUG] GET /api/deployments
2026-05-25 00:28:35 [DEBUG] GET /api/deployments
2026-05-25 00:28:38 [DEBUG] GET /api/deployments
2026-05-25 00:28:38 [DEBUG] GET /api/deployments
2026-05-25 00:28:41 [DEBUG] GET /api/deployments
2026-05-25 00:28:41 [DEBUG] GET /api/deployments
2026-05-25 00:28:44 [DEBUG] GET /api/deployments
2026-05-25 00:28:44 [DEBUG] GET /api/deployments
2026-05-25 00:28:47 [DEBUG] GET /api/deployments
2026-05-25 00:28:47 [DEBUG] GET /api/deployments
2026-05-25 00:28:50 [DEBUG] GET /api/deployments
2026-05-25 00:28:51 [DEBUG] GET /api/deployments
2026-05-25 00:28:56 [DEBUG] GET /api/deployments
2026-05-25 00:28:56 [DEBUG] GET /api/deployments
2026-05-25 00:29:00 [DEBUG] GET /api/deployments
2026-05-25 00:29:00 [DEBUG] GET /api/deployments
2026-05-25 00:29:05 [DEBUG] GET /api/deployments
2026-05-25 00:29:05 [DEBUG] GET /api/deployments
2026-05-25 00:29:09 [DEBUG] GET /api/deployments
2026-05-25 00:29:09 [DEBUG] GET /api/deployments
2026-05-25 00:29:13 [DEBUG] GET /api/deployments
2026-05-25 00:29:13 [DEBUG] GET /api/deployments
2026-05-25 00:29:16 [DEBUG] GET /api/deployments
2026-05-25 00:29:16 [DEBUG] GET /api/deployments
2026-05-25 00:29:19 [DEBUG] GET /api/deployments
2026-05-25 00:29:19 [DEBUG] GET /api/deployments
2026-05-25 00:29:23 [DEBUG] GET /api/deployments
2026-05-25 00:29:23 [DEBUG] GET /api/deployments
2026-05-25 00:29:26 [DEBUG] GET /api/deployments
2026-05-25 00:29:27 [DEBUG] GET /api/deployments
2026-05-25 00:29:29 [DEBUG] GET /api/deployments
2026-05-25 00:29:31 [DEBUG] GET /api/deployments
2026-05-25 00:29:34 [DEBUG] GET /api/deployments
2026-05-25 00:29:36 [DEBUG] GET /api/deployments
2026-05-25 00:29:38 [DEBUG] GET /api/deployments
2026-05-25 00:29:40 [DEBUG] GET /api/deployments
2026-05-25 00:29:41 [DEBUG] GET /api/deployments
2026-05-25 00:29:44 [DEBUG] GET /api/deployments
2026-05-25 00:29:45 [DEBUG] GET /api/deployments
2026-05-25 00:29:47 [DEBUG] GET /api/deployments
2026-05-25 00:29:48 [DEBUG] GET /api/deployments
2026-05-25 00:29:50 [DEBUG] GET /api/deployments
2026-05-25 00:29:51 [DEBUG] GET /api/deployments
2026-05-25 00:29:53 [DEBUG] GET /api/deployments
2026-05-25 00:29:54 [DEBUG] GET /api/deployments
2026-05-25 00:29:56 [DEBUG] GET /api/deployments
2026-05-25 00:29:57 [DEBUG] GET /api/deployments
2026-05-25 00:29:59 [DEBUG] GET /api/deployments
2026-05-25 00:30:00 [DEBUG] GET /api/deployments
2026-05-25 00:30:02 [DEBUG] GET /api/deployments
2026-05-25 00:30:03 [DEBUG] GET /api/deployments
2026-05-25 00:30:05 [DEBUG] GET /api/deployments
2026-05-25 00:30:06 [DEBUG] GET /api/deployments
2026-05-25 00:30:08 [DEBUG] GET /api/deployments
2026-05-25 00:30:10 [DEBUG] GET /api/deployments
2026-05-25 00:30:12 [DEBUG] GET /api/deployments
2026-05-25 00:30:13 [DEBUG] GET /api/deployments
2026-05-25 00:30:15 [DEBUG] GET /api/deployments
2026-05-25 00:30:16 [DEBUG] GET /api/deployments
2026-05-25 00:30:18 [DEBUG] GET /api/deployments
2026-05-25 00:30:19 [DEBUG] GET /api/deployments
2026-05-25 00:30:21 [DEBUG] GET /api/deployments
2026-05-25 00:30:22 [DEBUG] GET /api/deployments
2026-05-25 00:30:24 [DEBUG] GET /api/deployments
2026-05-25 00:30:25 [DEBUG] GET /api/deployments
2026-05-25 00:30:27 [DEBUG] GET /api/deployments
2026-05-25 00:30:29 [DEBUG] GET /api/deployments
2026-05-25 00:30:30 [DEBUG] GET /api/deployments
2026-05-25 00:30:32 [DEBUG] GET /api/deployments
2026-05-25 00:30:32 [DEBUG] GET /api/deployments
2026-05-25 00:30:32 [DEBUG] GET /api/deployments
2026-05-25 00:30:33 [DEBUG] GET /api/deployments
2026-05-25 00:30:36 [DEBUG] GET /api/deployments
2026-05-25 00:30:37 [DEBUG] GET /api/deployments
2026-05-25 00:30:39 [DEBUG] GET /api/deployments
2026-05-25 00:30:40 [DEBUG] GET /api/deployments
2026-05-25 00:30:42 [DEBUG] GET /api/deployments
2026-05-25 00:30:43 [DEBUG] GET /api/deployments
2026-05-25 00:30:45 [DEBUG] GET /api/deployments
2026-05-25 00:30:46 [DEBUG] GET /api/deployments
2026-05-25 00:30:48 [DEBUG] GET /api/deployments
2026-05-25 00:30:49 [DEBUG] GET /api/deployments
2026-05-25 00:30:51 [DEBUG] GET /api/deployments
2026-05-25 00:30:52 [DEBUG] GET /api/deployments
2026-05-25 00:30:55 [DEBUG] GET /api/deployments
2026-05-25 00:30:55 [DEBUG] GET /api/deployments
2026-05-25 00:30:58 [DEBUG] GET /api/deployments
2026-05-25 00:30:58 [DEBUG] GET /api/deployments
2026-05-25 00:31:01 [DEBUG] GET /api/deployments
2026-05-25 00:31:02 [DEBUG] GET /api/deployments
2026-05-25 00:31:04 [DEBUG] GET /api/deployments
2026-05-25 00:31:05 [DEBUG] GET /api/deployments
2026-05-25 00:31:08 [DEBUG] GET /api/deployments
2026-05-25 00:31:08 [DEBUG] GET /api/deployments
2026-05-25 00:31:11 [DEBUG] GET /api/deployments
2026-05-25 00:31:12 [DEBUG] GET /api/deployments
2026-05-25 00:31:16 [DEBUG] GET /api/deployments
2026-05-25 00:31:16 [DEBUG] GET /api/deployments
2026-05-25 00:31:20 [DEBUG] GET /api/deployments
2026-05-25 00:31:21 [DEBUG] GET /api/deployments
2026-05-25 00:31:23 [DEBUG] GET /api/deployments
2026-05-25 00:31:24 [DEBUG] GET /api/deployments
2026-05-25 00:31:26 [DEBUG] GET /api/deployments
2026-05-25 00:31:27 [DEBUG] GET /api/deployments
2026-05-25 00:31:30 [DEBUG] GET /api/deployments
2026-05-25 00:31:30 [DEBUG] GET /api/deployments
2026-05-25 00:31:33 [DEBUG] GET /api/deployments
2026-05-25 00:31:33 [DEBUG] GET /api/deployments
2026-05-25 00:31:36 [DEBUG] GET /api/deployments
2026-05-25 00:31:36 [DEBUG] GET /api/deployments
2026-05-25 00:31:39 [DEBUG] GET /api/deployments
2026-05-25 00:31:39 [DEBUG] GET /api/deployments
2026-05-25 00:31:42 [DEBUG] GET /api/deployments
2026-05-25 00:31:43 [DEBUG] GET /api/deployments
2026-05-25 00:31:46 [DEBUG] GET /api/deployments
2026-05-25 00:31:46 [DEBUG] GET /api/deployments
2026-05-25 00:31:49 [DEBUG] GET /api/deployments
2026-05-25 00:31:50 [DEBUG] GET /api/deployments
2026-05-25 00:31:54 [DEBUG] GET /api/deployments
2026-05-25 00:31:54 [DEBUG] GET /api/deployments
2026-05-25 00:31:57 [DEBUG] GET /api/deployments
2026-05-25 00:31:58 [DEBUG] GET /api/deployments
2026-05-25 00:32:00 [DEBUG] GET /api/deployments
2026-05-25 00:32:01 [DEBUG] GET /api/deployments
2026-05-25 00:32:03 [DEBUG] GET /api/deployments
2026-05-25 00:32:04 [DEBUG] GET /api/deployments
2026-05-25 00:32:06 [DEBUG] GET /api/deployments
2026-05-25 00:32:07 [DEBUG] GET /api/deployments
2026-05-25 00:32:11 [DEBUG] GET /api/deployments
2026-05-25 00:32:11 [DEBUG] GET /api/deployments
2026-05-25 00:32:14 [DEBUG] GET /api/deployments
2026-05-25 00:32:14 [DEBUG] GET /api/deployments
2026-05-25 00:32:17 [DEBUG] GET /api/deployments
2026-05-25 00:32:18 [DEBUG] GET /api/deployments
2026-05-25 00:32:21 [DEBUG] GET /api/deployments
2026-05-25 00:32:21 [DEBUG] GET /api/deployments
2026-05-25 00:32:24 [DEBUG] GET /api/deployments
2026-05-25 00:32:24 [DEBUG] GET /api/deployments
2026-05-25 00:32:27 [DEBUG] GET /api/deployments
2026-05-25 00:32:27 [DEBUG] GET /api/deployments
2026-05-25 00:32:30 [DEBUG] GET /api/deployments
2026-05-25 00:32:31 [DEBUG] GET /api/deployments
2026-05-25 00:32:34 [DEBUG] GET /api/deployments
2026-05-25 00:32:35 [DEBUG] GET /api/deployments
2026-05-25 00:32:38 [DEBUG] GET /api/deployments
2026-05-25 00:32:38 [DEBUG] GET /api/deployments
2026-05-25 00:32:41 [DEBUG] GET /api/deployments
2026-05-25 00:32:41 [DEBUG] GET /api/deployments
2026-05-25 00:32:46 [DEBUG] GET /api/deployments
2026-05-25 00:32:46 [DEBUG] GET /api/deployments
2026-05-25 00:32:49 [DEBUG] GET /api/deployments
2026-05-25 00:32:50 [DEBUG] GET /api/deployments
2026-05-25 00:32:53 [DEBUG] GET /api/deployments
2026-05-25 00:32:53 [DEBUG] GET /api/deployments
2026-05-25 00:32:56 [DEBUG] GET /api/deployments
2026-05-25 00:32:56 [DEBUG] GET /api/deployments
2026-05-25 00:32:59 [DEBUG] GET /api/deployments
2026-05-25 00:33:00 [DEBUG] GET /api/deployments
2026-05-25 00:33:03 [DEBUG] GET /api/deployments
2026-05-25 00:33:04 [DEBUG] GET /api/deployments
2026-05-25 00:33:07 [DEBUG] GET /api/deployments
2026-05-25 00:33:07 [DEBUG] GET /api/deployments
2026-05-25 00:33:10 [DEBUG] GET /api/deployments
2026-05-25 00:33:10 [DEBUG] GET /api/deployments
2026-05-25 00:33:13 [DEBUG] GET /api/deployments
2026-05-25 00:33:14 [DEBUG] GET /api/deployments
2026-05-25 00:33:16 [DEBUG] GET /api/deployments
2026-05-25 00:33:17 [DEBUG] GET /api/deployments
2026-05-25 00:33:20 [DEBUG] GET /api/deployments
2026-05-25 00:33:21 [DEBUG] GET /api/deployments
2026-05-25 00:33:23 [DEBUG] GET /api/deployments
2026-05-25 00:33:24 [DEBUG] GET /api/deployments
2026-05-25 00:33:26 [DEBUG] GET /api/deployments
2026-05-25 00:33:27 [DEBUG] GET /api/deployments
2026-05-25 00:33:29 [DEBUG] GET /api/deployments
2026-05-25 00:33:30 [DEBUG] GET /api/deployments
2026-05-25 00:33:33 [DEBUG] GET /api/deployments
2026-05-25 00:33:34 [DEBUG] GET /api/deployments
2026-05-25 00:33:37 [DEBUG] GET /api/deployments
2026-05-25 00:33:38 [DEBUG] GET /api/deployments
2026-05-25 00:33:40 [DEBUG] GET /api/deployments
2026-05-25 00:33:41 [DEBUG] GET /api/deployments
2026-05-25 00:33:44 [DEBUG] GET /api/deployments
2026-05-25 00:33:45 [DEBUG] GET /api/deployments
2026-05-25 00:33:48 [DEBUG] GET /api/deployments
2026-05-25 00:33:49 [DEBUG] GET /api/deployments
2026-05-25 00:33:52 [DEBUG] GET /api/deployments
2026-05-25 00:33:53 [DEBUG] GET /api/deployments
2026-05-25 00:33:55 [DEBUG] GET /api/deployments
2026-05-25 00:33:56 [DEBUG] GET /api/deployments
2026-05-25 00:33:58 [DEBUG] GET /api/deployments
2026-05-25 00:33:59 [DEBUG] GET /api/deployments
2026-05-25 00:34:02 [DEBUG] GET /api/deployments
2026-05-25 00:34:05 [DEBUG] GET /api/deployments
2026-05-25 00:34:06 [DEBUG] GET /api/deployments
2026-05-25 00:34:09 [DEBUG] GET /api/deployments
2026-05-25 00:34:09 [DEBUG] GET /api/deployments
2026-05-25 00:34:13 [DEBUG] GET /api/deployments
2026-05-25 00:34:13 [DEBUG] GET /api/deployments
2026-05-25 00:34:16 [DEBUG] GET /api/deployments
2026-05-25 00:34:16 [DEBUG] GET /api/deployments
2026-05-25 00:34:19 [DEBUG] GET /api/deployments
2026-05-25 00:34:19 [DEBUG] GET /api/deployments
2026-05-25 00:34:23 [DEBUG] GET /api/deployments
2026-05-25 00:34:23 [DEBUG] GET /api/deployments
2026-05-25 00:34:26 [DEBUG] GET /api/deployments
2026-05-25 00:34:26 [DEBUG] GET /api/deployments
2026-05-25 00:34:29 [DEBUG] GET /api/deployments
2026-05-25 00:34:29 [DEBUG] GET /api/deployments
2026-05-25 00:34:32 [DEBUG] GET /api/deployments
2026-05-25 00:34:32 [DEBUG] GET /api/deployments
2026-05-25 00:34:35 [DEBUG] GET /api/deployments
2026-05-25 00:34:35 [DEBUG] GET /api/deployments
2026-05-25 00:34:38 [DEBUG] GET /api/deployments
2026-05-25 00:34:38 [DEBUG] GET /api/deployments
2026-05-25 00:34:41 [DEBUG] GET /api/deployments
2026-05-25 00:34:41 [DEBUG] GET /api/deployments
2026-05-25 00:34:45 [DEBUG] GET /api/deployments
2026-05-25 00:34:45 [DEBUG] GET /api/deployments
2026-05-25 00:34:48 [DEBUG] GET /api/deployments
2026-05-25 00:34:48 [DEBUG] GET /api/deployments
2026-05-25 00:34:51 [DEBUG] GET /api/deployments
2026-05-25 00:34:51 [DEBUG] GET /api/deployments
2026-05-25 00:34:54 [DEBUG] GET /api/deployments
2026-05-25 00:34:54 [DEBUG] GET /api/deployments
2026-05-25 00:34:57 [DEBUG] GET /api/deployments
2026-05-25 00:34:57 [DEBUG] GET /api/deployments
2026-05-25 00:35:01 [DEBUG] GET /api/deployments
2026-05-25 00:35:01 [DEBUG] GET /api/deployments
2026-05-25 00:35:04 [DEBUG] GET /api/deployments
2026-05-25 00:35:04 [DEBUG] GET /api/deployments
2026-05-25 00:35:07 [DEBUG] GET /api/deployments
2026-05-25 00:35:07 [DEBUG] GET /api/deployments
2026-05-25 00:35:10 [DEBUG] GET /api/deployments
2026-05-25 00:35:10 [DEBUG] GET /api/deployments
2026-05-25 00:35:13 [DEBUG] GET /api/deployments
2026-05-25 00:35:14 [DEBUG] GET /api/deployments
2026-05-25 00:35:16 [DEBUG] GET /api/deployments
2026-05-25 00:35:17 [DEBUG] GET /api/deployments
2026-05-25 00:35:20 [DEBUG] GET /api/deployments
2026-05-25 00:35:20 [DEBUG] GET /api/deployments
2026-05-25 00:35:23 [DEBUG] GET /api/deployments
2026-05-25 00:35:23 [DEBUG] GET /api/deployments
2026-05-25 00:35:26 [DEBUG] GET /api/deployments
2026-05-25 00:35:26 [DEBUG] GET /api/deployments
2026-05-25 00:35:30 [DEBUG] GET /api/deployments
2026-05-25 00:35:30 [DEBUG] GET /api/deployments
2026-05-25 00:35:33 [DEBUG] GET /api/deployments
2026-05-25 00:35:33 [DEBUG] GET /api/deployments
2026-05-25 00:35:38 [DEBUG] GET /api/deployments
2026-05-25 00:35:38 [DEBUG] GET /api/deployments
2026-05-25 00:35:41 [DEBUG] GET /api/deployments
2026-05-25 00:35:41 [DEBUG] GET /api/deployments
2026-05-25 00:35:44 [DEBUG] GET /api/deployments
2026-05-25 00:35:44 [DEBUG] GET /api/deployments
2026-05-25 00:35:48 [DEBUG] GET /api/deployments
2026-05-25 00:35:48 [DEBUG] GET /api/deployments
2026-05-25 00:35:51 [DEBUG] GET /api/deployments
2026-05-25 00:35:51 [DEBUG] GET /api/deployments
2026-05-25 00:35:54 [DEBUG] GET /api/deployments
2026-05-25 00:35:54 [DEBUG] GET /api/deployments
2026-05-25 00:35:58 [DEBUG] GET /api/deployments
2026-05-25 00:35:58 [DEBUG] GET /api/deployments
2026-05-25 00:36:01 [DEBUG] GET /api/deployments
2026-05-25 00:36:01 [DEBUG] GET /api/deployments
2026-05-25 00:36:04 [DEBUG] GET /api/deployments
2026-05-25 00:36:04 [DEBUG] GET /api/deployments
2026-05-25 00:36:07 [DEBUG] GET /api/deployments
2026-05-25 00:36:07 [DEBUG] GET /api/deployments
2026-05-25 00:36:10 [DEBUG] GET /api/deployments
2026-05-25 00:36:11 [DEBUG] GET /api/deployments
2026-05-25 00:36:14 [DEBUG] GET /api/deployments
2026-05-25 00:36:14 [DEBUG] GET /api/deployments
2026-05-25 00:36:18 [DEBUG] GET /api/deployments
2026-05-25 00:36:19 [DEBUG] GET /api/deployments
2026-05-25 00:36:23 [DEBUG] GET /api/deployments
2026-05-25 00:36:23 [DEBUG] GET /api/deployments
2026-05-25 00:36:26 [DEBUG] GET /api/deployments
2026-05-25 00:36:27 [DEBUG] GET /api/deployments
2026-05-25 00:36:31 [DEBUG] GET /api/deployments
2026-05-25 00:36:32 [DEBUG] GET /api/deployments
2026-05-25 00:36:35 [DEBUG] GET /api/deployments
2026-05-25 00:36:36 [DEBUG] GET /api/deployments
2026-05-25 00:36:40 [DEBUG] GET /api/deployments
2026-05-25 00:36:40 [DEBUG] GET /api/deployments
2026-05-25 00:36:44 [DEBUG] GET /api/deployments
2026-05-25 00:36:44 [DEBUG] GET /api/deployments
2026-05-25 00:36:48 [DEBUG] GET /api/deployments
2026-05-25 00:36:48 [DEBUG] GET /api/deployments
2026-05-25 00:36:52 [DEBUG] GET /api/deployments
2026-05-25 00:36:52 [DEBUG] GET /api/deployments
2026-05-25 00:36:56 [DEBUG] GET /api/deployments
2026-05-25 00:36:56 [DEBUG] GET /api/deployments
2026-05-25 00:37:00 [DEBUG] GET /api/deployments
2026-05-25 00:37:00 [DEBUG] GET /api/deployments
2026-05-25 00:37:03 [DEBUG] GET /api/deployments
2026-05-25 00:37:03 [DEBUG] GET /api/deployments
2026-05-25 00:37:06 [DEBUG] GET /api/deployments
2026-05-25 00:37:06 [DEBUG] GET /api/deployments
2026-05-25 00:37:10 [DEBUG] GET /api/deployments
2026-05-25 00:37:10 [DEBUG] GET /api/deployments
2026-05-25 00:37:13 [DEBUG] GET /api/deployments
2026-05-25 00:37:14 [DEBUG] GET /api/deployments
2026-05-25 00:37:18 [DEBUG] GET /api/deployments
2026-05-25 00:37:18 [DEBUG] GET /api/deployments
2026-05-25 00:37:22 [DEBUG] GET /api/deployments
2026-05-25 00:37:22 [DEBUG] GET /api/deployments
2026-05-25 00:37:27 [DEBUG] GET /api/deployments
2026-05-25 00:37:27 [DEBUG] GET /api/deployments
2026-05-25 00:37:30 [DEBUG] GET /api/deployments
2026-05-25 00:37:30 [DEBUG] GET /api/deployments
2026-05-25 00:37:33 [DEBUG] GET /api/deployments
2026-05-25 00:37:35 [DEBUG] GET /api/deployments
2026-05-25 00:37:38 [DEBUG] GET /api/deployments
2026-05-25 00:37:38 [DEBUG] GET /api/deployments
2026-05-25 00:37:42 [DEBUG] GET /api/deployments
2026-05-25 00:37:42 [DEBUG] GET /api/deployments
2026-05-25 00:37:45 [DEBUG] GET /api/deployments
2026-05-25 00:37:45 [DEBUG] GET /api/deployments
2026-05-25 00:37:48 [DEBUG] GET /api/deployments
2026-05-25 00:37:48 [DEBUG] GET /api/deployments
2026-05-25 00:37:51 [DEBUG] GET /api/deployments
2026-05-25 00:37:51 [DEBUG] GET /api/deployments
2026-05-25 00:37:54 [DEBUG] GET /api/deployments
2026-05-25 00:37:54 [DEBUG] GET /api/deployments
2026-05-25 00:37:58 [DEBUG] GET /api/deployments
2026-05-25 00:37:59 [DEBUG] GET /api/deployments
2026-05-25 00:38:03 [DEBUG] GET /api/deployments
2026-05-25 00:38:03 [DEBUG] GET /api/deployments
2026-05-25 00:38:07 [DEBUG] GET /api/deployments
2026-05-25 00:38:07 [DEBUG] GET /api/deployments
2026-05-25 00:38:11 [DEBUG] GET /api/deployments
2026-05-25 00:38:11 [DEBUG] GET /api/deployments
2026-05-25 00:38:16 [DEBUG] GET /api/deployments
2026-05-25 00:38:16 [DEBUG] GET /api/deployments
2026-05-25 00:38:20 [DEBUG] GET /api/deployments
2026-05-25 00:38:20 [DEBUG] GET /api/deployments
2026-05-25 00:38:23 [DEBUG] GET /api/deployments
2026-05-25 00:38:23 [DEBUG] GET /api/deployments
2026-05-25 00:38:26 [DEBUG] GET /api/deployments
2026-05-25 00:38:26 [DEBUG] GET /api/deployments
2026-05-25 00:38:29 [DEBUG] GET /api/deployments
2026-05-25 00:38:29 [DEBUG] GET /api/deployments
2026-05-25 00:38:32 [DEBUG] GET /api/deployments
2026-05-25 00:38:32 [DEBUG] GET /api/deployments
2026-05-25 00:38:35 [DEBUG] GET /api/deployments
2026-05-25 00:38:35 [DEBUG] GET /api/deployments
2026-05-25 00:38:38 [DEBUG] GET /api/deployments
2026-05-25 00:38:39 [DEBUG] GET /api/deployments
2026-05-25 00:38:42 [DEBUG] GET /api/deployments
2026-05-25 00:38:42 [DEBUG] GET /api/deployments
2026-05-25 00:38:44 [DEBUG] DELETE /api/deployments/6a13217bf8f4b4d3adcb4f3a
2026-05-25 00:38:44 [INFO] [API] Deployment deleted: 6a13217bf8f4b4d3adcb4f3a
2026-05-25 00:38:44 [DEBUG] GET /api/deployments
2026-05-25 00:38:45 [DEBUG] GET /api/deployments
2026-05-25 00:38:48 [DEBUG] DELETE /api/deployments/6a131eb69ac28722173cc744
2026-05-25 00:38:48 [DEBUG] GET /api/deployments
2026-05-25 00:38:48 [DEBUG] GET /api/deployments
2026-05-25 00:38:48 [INFO] [API] Deployment deleted: 6a131eb69ac28722173cc744
2026-05-25 00:38:48 [DEBUG] GET /api/deployments
